============================= test session starts =============================
platform win32 -- Python 3.13.9, pytest-9.0.2, pluggy-1.6.0 -- C:\Users\Colin\AppData\Local\Programs\Python\Python313\python.exe
cachedir: .pytest_cache
hypothesis profile 'default'
benchmark: 5.2.3 (defaults: timer=time.perf_counter disable_gc=False min_rounds=5 min_time=0.000005 max_time=1.0 calibration_precision=10 warmup=False warmup_iterations=100000)
PyQt6 6.10.1 -- Qt runtime 6.10.1 -- Qt compiled 6.10.0
rootdir: D:\Development\Python\FreedomUSTaxReturn
configfile: pytest.ini
testpaths: tests
plugins: anyio-4.11.0, hypothesis-6.148.8, asyncio-1.3.0, benchmark-5.2.3, cov-7.0.0, mock-3.15.1, qt-4.5.0
asyncio: mode=Mode.STRICT, debug=False, asyncio_default_fixture_loop_scope=None, asyncio_default_test_loop_scope=function
collecting ... collected 785 items

tests/integration/test_audit_trail_integration.py::TestAuditTrailIntegration::test_audit_service_persistence FAILED [  0%]
tests/integration/test_audit_trail_integration.py::TestAuditTrailIntegration::test_audit_data_export_import FAILED [  0%]
tests/integration/test_audit_trail_integration.py::TestAuditTrailIntegration::test_audit_session_tracking PASSED [  0%]
tests/integration/test_audit_trail_integration.py::TestAuditTrailIntegration::test_audit_filtering_integration FAILED [  0%]
tests/integration/test_audit_trail_integration.py::TestAuditTrailIntegration::test_audit_window_integration FAILED [  0%]
tests/integration/test_audit_trail_integration.py::TestAuditTrailIntegration::test_event_bus_integration FAILED [  0%]
tests/integration/test_audit_trail_integration.py::TestAuditTrailIntegration::test_main_window_audit_integration FAILED [  0%]
tests/integration/test_audit_trail_integration.py::TestAuditTrailIntegration::test_audit_log_cleanup_integration PASSED [  1%]
tests/integration/test_audit_trail_integration.py::TestAuditTrailIntegration::test_audit_export_formats FAILED [  1%]
tests/integration/test_audit_trail_integration.py::TestAuditTrailIntegration::test_audit_performance_large_dataset FAILED [  1%]
tests/integration/test_audit_trail_integration.py::TestAuditTrailIntegration::test_audit_data_validation FAILED [  1%]
tests/integration/test_complete_workflows.py::TestSimpleSingleW2Workflow::test_single_person_single_w2_gets_refund PASSED [  1%]
tests/integration/test_complete_workflows.py::TestSimpleSingleW2Workflow::test_married_joint_two_w2s PASSED [  1%]
tests/integration/test_complete_workflows.py::TestFamilyWithChildrenWorkflow::test_family_with_two_children PASSED [  1%]
tests/integration/test_complete_workflows.py::TestEdgeCaseWorkflows::test_no_income_no_tax PASSED [  1%]
tests/integration/test_complete_workflows.py::TestEdgeCaseWorkflows::test_income_below_standard_deduction PASSED [  2%]
tests/integration/test_complex_workflows.py::TestComplexW2Workflows::test_multiple_w2_high_income PASSED [  2%]
tests/integration/test_complex_workflows.py::TestFamilyWithDependentsWorkflows::test_family_four_children_itemized PASSED [  2%]
tests/integration/test_complex_workflows.py::TestFamilyWithDependentsWorkflows::test_single_parent_head_of_household PASSED [  2%]
tests/integration/test_complex_workflows.py::TestLowIncomeWorkflows::test_low_income_with_children_eitc PASSED [  2%]
tests/integration/test_complex_workflows.py::TestLowIncomeWorkflows::test_very_low_income_no_tax PASSED [  2%]
tests/integration/test_complex_workflows.py::TestSelfEmploymentWorkflows::test_self_employed_with_w2 PASSED [  2%]
tests/integration/test_complex_workflows.py::TestEdgeCaseWorkflows::test_exact_phaseout_threshold PASSED [  2%]
tests/integration/test_complex_workflows.py::TestEdgeCaseWorkflows::test_married_filing_separately PASSED [  3%]
tests/integration/test_complex_workflows.py::TestEdgeCaseWorkflows::test_maximum_dependents PASSED [  3%]
tests/integration/test_complex_workflows.py::TestRetirementIncomeWorkflows::test_mixed_w2_and_interest PASSED [  3%]
tests/integration/test_dependents_page_integration.py::TestDependentsPageIntegration::test_dependents_page_navigation ERROR [  3%]
tests/integration/test_dependents_page_integration.py::TestDependentsPageIntegration::test_dependents_validation_integration ERROR [  3%]
tests/integration/test_dependents_page_integration.py::TestDependentsPageIntegration::test_dependents_progress_calculation ERROR [  3%]
tests/integration/test_dependents_page_integration.py::TestDependentsPageIntegration::test_dependents_keyboard_shortcut ERROR [  3%]
tests/integration/test_dependents_page_integration.py::TestDependentsPageIntegration::test_dependents_in_navigation_buttons ERROR [  3%]
tests/integration/test_dependents_page_integration.py::TestDependentsPageIntegration::test_dependents_page_mapping ERROR [  4%]
tests/integration/test_dependents_page_integration.py::TestDependentsPageIntegration::test_dependents_validation_summary ERROR [  4%]
tests/integration/test_dependents_page_integration.py::TestDependentsPageIntegration::test_dependents_data_persistence ERROR [  4%]
tests/integration/test_dependents_page_integration.py::TestDependentsWorkflowIntegration::test_dependents_with_tax_calculations PASSED [  4%]
tests/integration/test_dependents_page_integration.py::TestDependentsWorkflowIntegration::test_multiple_dependents_validation FAILED [  4%]
tests/integration/test_error_handling_integration.py::TestValidationErrorHandling::test_invalid_ssn_format PASSED [  4%]
tests/integration/test_error_handling_integration.py::TestValidationErrorHandling::test_invalid_currency_format PASSED [  4%]
tests/integration/test_error_handling_integration.py::TestValidationErrorHandling::test_invalid_ein_format PASSED [  4%]
tests/integration/test_error_handling_integration.py::TestValidationErrorHandling::test_invalid_email_format PASSED [  5%]
tests/integration/test_error_handling_integration.py::TestTaxCalculationErrorHandling::test_calculation_with_missing_required_fields PASSED [  5%]
tests/integration/test_error_handling_integration.py::TestTaxCalculationErrorHandling::test_calculation_with_negative_income PASSED [  5%]
tests/integration/test_error_handling_integration.py::TestTaxCalculationErrorHandling::test_calculation_with_extremely_high_income PASSED [  5%]
tests/integration/test_error_handling_integration.py::TestDataModelErrorHandling::test_tax_data_get_nonexistent_field PASSED [  5%]
tests/integration/test_error_handling_integration.py::TestDataModelErrorHandling::test_tax_data_set_invalid_path PASSED [  5%]
tests/integration/test_error_handling_integration.py::TestDataModelErrorHandling::test_tax_data_set_with_type_mismatch PASSED [  5%]
tests/integration/test_error_handling_integration.py::TestConcurrentModificationHandling::test_multiple_w2_additions PASSED [  5%]
tests/integration/test_error_handling_integration.py::TestConcurrentModificationHandling::test_overwriting_existing_data PASSED [  6%]
tests/integration/test_error_handling_integration.py::TestBoundaryConditions::test_zero_income_zero_withholding PASSED [  6%]
tests/integration/test_error_handling_integration.py::TestBoundaryConditions::test_withholding_exceeds_wages PASSED [  6%]
tests/integration/test_error_handling_integration.py::TestBoundaryConditions::test_maximum_number_of_children PASSED [  6%]
tests/integration/test_error_handling_integration.py::TestErrorRecovery::test_continue_after_validation_error PASSED [  6%]
tests/integration/test_error_handling_integration.py::TestErrorRecovery::test_tax_data_reset_after_error PASSED [  6%]
tests/integration/test_error_handling_integration.py::TestNullAndEmptyHandling::test_empty_string_in_required_field PASSED [  6%]
tests/integration/test_error_handling_integration.py::TestNullAndEmptyHandling::test_none_value_in_optional_field PASSED [  7%]
tests/integration/test_pdf_export.py::TestPDFExportIntegration::test_export_1040_only_with_tax_data_object PASSED [  7%]
tests/integration/test_pdf_export.py::TestPDFExportIntegration::test_export_1040_with_dict PASSED [  7%]
tests/integration/test_pdf_export.py::TestPDFExportIntegration::test_exported_pdf_contains_data PASSED [  7%]
tests/integration/test_pdf_export.py::TestPDFExportIntegration::test_export_with_spouse_info PASSED [  7%]
tests/integration/test_pdf_export.py::TestPDFExportIntegration::test_export_with_multiple_w2s PASSED [  7%]
tests/integration/test_pdf_export.py::TestPDFExportIntegration::test_export_complete_return PASSED [  7%]
tests/integration/test_pdf_export.py::TestPDFExportIntegration::test_export_error_handling PASSED [  7%]
tests/integration/test_performance_benchmarks.py::TestTaxCalculationPerformance::test_benchmark_complete_tax_calculation PASSED [  8%]
tests/integration/test_performance_benchmarks.py::TestTaxCalculationPerformance::test_benchmark_taxable_income_calculation PASSED [  8%]
tests/integration/test_performance_benchmarks.py::TestTaxCalculationPerformance::test_benchmark_tax_with_credits PASSED [  8%]
tests/integration/test_performance_benchmarks.py::TestPDFGenerationPerformance::test_benchmark_form_filler_init PASSED [  8%]
tests/integration/test_performance_benchmarks.py::TestDataModelPerformance::test_benchmark_tax_data_creation PASSED [  8%]
tests/integration/test_performance_benchmarks.py::TestDataModelPerformance::test_benchmark_tax_data_set_operations PASSED [  8%]
tests/integration/test_performance_benchmarks.py::TestDataModelPerformance::test_benchmark_tax_data_get_operations PASSED [  8%]
tests/integration/test_performance_benchmarks.py::TestDataModelPerformance::test_benchmark_tax_data_to_dict PASSED [  8%]
tests/integration/test_security_features.py::test_encryption PASSED      [  9%]
tests/integration/test_security_features.py::test_input_validation PASSED [  9%]
tests/integration/test_security_features.py::test_path_validation PASSED [  9%]
tests/integration/test_security_features.py::test_data_integrity PASSED  [  9%]
tests/integration/test_security_features.py::test_backward_compatibility PASSED [  9%]
tests/unit/test_advanced_tax_calculations.py::TestAdvancedTaxCalculations::test_calculate_alternative_minimum_tax_below_exemption PASSED [  9%]
tests/unit/test_advanced_tax_calculations.py::TestAdvancedTaxCalculations::test_calculate_alternative_minimum_tax_above_exemption PASSED [  9%]
tests/unit/test_advanced_tax_calculations.py::TestAdvancedTaxCalculations::test_calculate_alternative_minimum_tax_mfj PASSED [  9%]
tests/unit/test_advanced_tax_calculations.py::TestAdvancedTaxCalculations::test_calculate_alternative_minimum_tax_phase_out PASSED [ 10%]
tests/unit/test_advanced_tax_calculations.py::TestAdvancedTaxCalculations::test_calculate_net_investment_income_tax_below_threshold PASSED [ 10%]
tests/unit/test_advanced_tax_calculations.py::TestAdvancedTaxCalculations::test_calculate_net_investment_income_tax_above_threshold PASSED [ 10%]
tests/unit/test_advanced_tax_calculations.py::TestAdvancedTaxCalculations::test_calculate_net_investment_income_tax_mfj PASSED [ 10%]
tests/unit/test_advanced_tax_calculations.py::TestAdvancedTaxCalculations::test_calculate_net_investment_income_tax_limited_by_income PASSED [ 10%]
tests/unit/test_advanced_tax_calculations.py::TestAdvancedTaxCalculations::test_calculate_additional_medicare_tax_below_threshold PASSED [ 10%]
tests/unit/test_advanced_tax_calculations.py::TestAdvancedTaxCalculations::test_calculate_additional_medicare_tax_wages_above_threshold PASSED [ 10%]
tests/unit/test_advanced_tax_calculations.py::TestAdvancedTaxCalculations::test_calculate_additional_medicare_tax_investment_above_threshold PASSED [ 10%]
tests/unit/test_advanced_tax_calculations.py::TestAdvancedTaxCalculations::test_calculate_additional_medicare_tax_combined_income PASSED [ 11%]
tests/unit/test_advanced_tax_calculations.py::TestRetirementSavingsCredit::test_retirement_savings_credit_50_percent_bracket PASSED [ 11%]
tests/unit/test_advanced_tax_calculations.py::TestRetirementSavingsCredit::test_retirement_savings_credit_20_percent_bracket PASSED [ 11%]
tests/unit/test_advanced_tax_calculations.py::TestRetirementSavingsCredit::test_retirement_savings_credit_10_percent_bracket PASSED [ 11%]
tests/unit/test_advanced_tax_calculations.py::TestRetirementSavingsCredit::test_retirement_savings_credit_above_threshold PASSED [ 11%]
tests/unit/test_advanced_tax_calculations.py::TestRetirementSavingsCredit::test_retirement_savings_credit_contribution_limit PASSED [ 11%]
tests/unit/test_advanced_tax_calculations.py::TestRetirementSavingsCredit::test_retirement_savings_credit_married_filing_jointly PASSED [ 11%]
tests/unit/test_advanced_tax_calculations.py::TestChildDependentCareCredit::test_child_dependent_care_credit_basic_calculation PASSED [ 11%]
tests/unit/test_advanced_tax_calculations.py::TestChildDependentCareCredit::test_child_dependent_care_credit_expense_limit PASSED [ 12%]
tests/unit/test_advanced_tax_calculations.py::TestChildDependentCareCredit::test_child_dependent_care_credit_phase_out PASSED [ 12%]
tests/unit/test_advanced_tax_calculations.py::TestChildDependentCareCredit::test_child_dependent_care_credit_no_credit_high_income PASSED [ 12%]
tests/unit/test_advanced_tax_calculations.py::TestChildDependentCareCredit::test_child_dependent_care_credit_married_filing_jointly PASSED [ 12%]
tests/unit/test_advanced_tax_calculations.py::TestResidentialEnergyCredit::test_residential_energy_credit_basic PASSED [ 12%]
tests/unit/test_advanced_tax_calculations.py::TestResidentialEnergyCredit::test_residential_energy_credit_zero PASSED [ 12%]
tests/unit/test_advanced_tax_calculations.py::TestResidentialEnergyCredit::test_residential_energy_credit_rounding PASSED [ 12%]
tests/unit/test_advanced_tax_calculations.py::TestPremiumTaxCredit::test_premium_tax_credit_basic PASSED [ 12%]
tests/unit/test_advanced_tax_calculations.py::TestPremiumTaxCredit::test_premium_tax_credit_zero PASSED [ 13%]
tests/unit/test_advanced_tax_calculations.py::TestPremiumTaxCredit::test_premium_tax_credit_rounding PASSED [ 13%]
tests/unit/test_async_pdf.py::test_generate_pdf_async_success PASSED     [ 13%]
tests/unit/test_async_pdf.py::test_generate_pdf_async_unknown_form PASSED [ 13%]
tests/unit/test_async_pdf.py::test_generate_multiple_pdfs PASSED         [ 13%]
tests/unit/test_async_pdf.py::test_generate_pdf_async_wrapper PASSED     [ 13%]
tests/unit/test_async_pdf.py::test_generate_multiple_pdfs_wrapper PASSED [ 13%]
tests/unit/test_async_pdf.py::test_shutdown_idempotent PASSED            [ 14%]
tests/unit/test_audit_trail_service.py::TestAuditEntry::test_audit_entry_creation PASSED [ 14%]
tests/unit/test_audit_trail_service.py::TestAuditEntry::test_audit_entry_to_dict PASSED [ 14%]
tests/unit/test_audit_trail_service.py::TestAuditEntry::test_audit_entry_from_dict PASSED [ 14%]
tests/unit/test_audit_trail_service.py::TestAuditTrailService::test_initialization PASSED [ 14%]
tests/unit/test_audit_trail_service.py::TestAuditTrailService::test_start_session PASSED [ 14%]
tests/unit/test_audit_trail_service.py::TestAuditTrailService::test_end_session PASSED [ 14%]
tests/unit/test_audit_trail_service.py::TestAuditTrailService::test_log_action PASSED [ 14%]
tests/unit/test_audit_trail_service.py::TestAuditTrailService::test_log_data_change PASSED [ 15%]
tests/unit/test_audit_trail_service.py::TestAuditTrailService::test_log_calculation PASSED [ 15%]
tests/unit/test_audit_trail_service.py::TestAuditTrailService::test_get_audit_history PASSED [ 15%]
tests/unit/test_audit_trail_service.py::TestAuditTrailService::test_get_calculation_history PASSED [ 15%]
tests/unit/test_audit_trail_service.py::TestAuditTrailService::test_export_audit_report PASSED [ 15%]
tests/unit/test_audit_trail_service.py::TestAuditTrailService::test_cleanup_old_logs PASSED [ 15%]
tests/unit/test_audit_trail_service.py::TestAuditTrailService::test_event_bus_integration PASSED [ 15%]
tests/unit/test_audit_trail_service.py::TestAuditTrailService::test_on_data_changed_event PASSED [ 15%]
tests/unit/test_audit_trail_service.py::TestAuditTrailService::test_on_calculation_completed_event PASSED [ 16%]
tests/unit/test_audit_trail_service.py::TestAuditSession::test_audit_session_creation PASSED [ 16%]
tests/unit/test_audit_trail_service.py::TestAuditSession::test_audit_session_to_dict PASSED [ 16%]
tests/unit/test_audit_trail_window.py::TestAuditTrailWindow::test_initialization PASSED [ 16%]
tests/unit/test_audit_trail_window.py::TestAuditTrailWindow::test_ui_creation PASSED [ 16%]
tests/unit/test_audit_trail_window.py::TestAuditTrailWindow::test_load_audit_data PASSED [ 16%]
tests/unit/test_audit_trail_window.py::TestAuditTrailWindow::test_tree_columns PASSED [ 16%]
tests/unit/test_audit_trail_window.py::TestAuditTrailWindow::test_apply_filters FAILED [ 16%]
tests/unit/test_audit_trail_window.py::TestAuditTrailWindow::test_date_filter FAILED [ 17%]
tests/unit/test_audit_trail_window.py::TestAuditTrailWindow::test_on_entry_selected FAILED [ 17%]
tests/unit/test_audit_trail_window.py::TestAuditTrailWindow::test_calculation_history_view FAILED [ 17%]
tests/unit/test_audit_trail_window.py::TestAuditTrailWindow::test_export_audit_report FAILED [ 17%]
tests/unit/test_audit_trail_window.py::TestAuditTrailWindow::test_export_calculation_report FAILED [ 17%]
tests/unit/test_audit_trail_window.py::TestAuditTrailWindow::test_refresh_data FAILED [ 17%]
tests/unit/test_audit_trail_window.py::TestAuditTrailWindow::test_clear_filters FAILED [ 17%]
tests/unit/test_audit_trail_window.py::TestAuditTrailWindow::test_format_value_display FAILED [ 17%]
tests/unit/test_audit_trail_window.py::TestAuditTrailWindow::test_format_timestamp FAILED [ 18%]
tests/unit/test_audit_trail_window.py::TestAuditTrailWindow::test_window_geometry FAILED [ 18%]
tests/unit/test_audit_trail_window.py::TestAuditTrailWindow::test_show_about FAILED [ 18%]
tests/unit/test_audit_trail_window.py::TestAuditTrailWindow::test_context_menu FAILED [ 18%]
tests/unit/test_audit_trail_window.py::TestAuditTrailWindow::test_keyboard_shortcuts FAILED [ 18%]
tests/unit/test_audit_trail_window.py::TestAuditTrailWindow::test_tree_sorting FAILED [ 18%]
tests/unit/test_audit_trail_window.py::TestAuditTrailWindow::test_detail_text_formatting FAILED [ 18%]
tests/unit/test_capital_gain_dialog.py::TestCapitalGainDialog::test_capital_gain_dialog_initialization PASSED [ 18%]
tests/unit/test_capital_gain_dialog.py::TestCapitalGainDialog::test_capital_gain_dialog_with_existing_data PASSED [ 19%]
tests/unit/test_capital_gain_dialog.py::TestCapitalGainDialog::test_gain_loss_calculation PASSED [ 19%]
tests/unit/test_capital_gain_dialog.py::TestCapitalGainDialog::test_gain_loss_calculation_with_adjustment PASSED [ 19%]
tests/unit/test_capital_gain_dialog.py::TestCapitalGainDialog::test_loss_calculation PASSED [ 19%]
tests/unit/test_capital_gain_dialog.py::TestCapitalGainDialog::test_save_capital_gain_validation_error PASSED [ 19%]
tests/unit/test_capital_gain_dialog.py::TestCapitalGainDialog::test_save_capital_gain_new_entry PASSED [ 19%]
tests/unit/test_capital_gain_dialog.py::TestCapitalGainDialog::test_save_capital_gain_edit_entry PASSED [ 19%]
tests/unit/test_capital_gains_integration.py::TestCapitalGainsWorkflowIntegration::test_complete_capital_gains_workflow PASSED [ 20%]
tests/unit/test_capital_gains_integration.py::TestCapitalGainsWorkflowIntegration::test_capital_gains_with_wash_sale_workflow PASSED [ 20%]
tests/unit/test_capital_gains_integration.py::TestCapitalGainsWorkflowIntegration::test_capital_gains_tax_calculation_integration PASSED [ 20%]
tests/unit/test_capital_gains_integration.py::TestCapitalGainsWorkflowIntegration::test_edit_capital_gain_workflow PASSED [ 20%]
tests/unit/test_capital_gains_integration.py::TestCapitalGainsWorkflowIntegration::test_capital_gains_data_persistence PASSED [ 20%]
tests/unit/test_capital_gains_integration.py::TestCapitalGainsWorkflowIntegration::test_capital_gains_workflow_data_flow PASSED [ 20%]
tests/unit/test_commands.py::TestSetValueCommand::test_execute_sets_value PASSED [ 20%]
tests/unit/test_commands.py::TestSetValueCommand::test_execute_stores_old_value PASSED [ 20%]
tests/unit/test_commands.py::TestSetValueCommand::test_undo_restores_old_value PASSED [ 21%]
tests/unit/test_commands.py::TestSetValueCommand::test_undo_fails_if_not_executed PASSED [ 21%]
tests/unit/test_commands.py::TestSetValueCommand::test_get_description PASSED [ 21%]
tests/unit/test_commands.py::TestAddW2Command::test_execute_adds_w2 PASSED [ 21%]
tests/unit/test_commands.py::TestAddW2Command::test_undo_removes_w2 PASSED [ 21%]
tests/unit/test_commands.py::TestAddW2Command::test_undo_fails_if_not_executed PASSED [ 21%]
tests/unit/test_commands.py::TestAddW2Command::test_get_description_includes_employer PASSED [ 21%]
tests/unit/test_commands.py::TestDeleteW2Command::test_execute_deletes_w2 PASSED [ 21%]
tests/unit/test_commands.py::TestDeleteW2Command::test_undo_restores_w2 PASSED [ 22%]
tests/unit/test_commands.py::TestDeleteW2Command::test_execute_fails_for_invalid_index PASSED [ 22%]
tests/unit/test_commands.py::TestAddDependentCommand::test_execute_adds_dependent PASSED [ 22%]
tests/unit/test_commands.py::TestAddDependentCommand::test_undo_removes_dependent PASSED [ 22%]
tests/unit/test_commands.py::TestAddDependentCommand::test_get_description_includes_name PASSED [ 22%]
tests/unit/test_commands.py::TestCommandHistory::test_execute_command_adds_to_history PASSED [ 22%]
tests/unit/test_commands.py::TestCommandHistory::test_can_undo_after_execute PASSED [ 22%]
tests/unit/test_commands.py::TestCommandHistory::test_undo_executes_command_undo PASSED [ 22%]
tests/unit/test_commands.py::TestCommandHistory::test_redo_re_executes_command PASSED [ 23%]
tests/unit/test_commands.py::TestCommandHistory::test_new_command_clears_redo_history PASSED [ 23%]
tests/unit/test_commands.py::TestCommandHistory::test_max_history_limit PASSED [ 23%]
tests/unit/test_commands.py::TestCommandHistory::test_get_undo_description PASSED [ 23%]
tests/unit/test_commands.py::TestCommandHistory::test_get_redo_description PASSED [ 23%]
tests/unit/test_commands.py::TestCommandHistory::test_clear_history PASSED [ 23%]
tests/unit/test_commands.py::TestCommandHistory::test_cannot_undo_with_empty_history PASSED [ 23%]
tests/unit/test_commands.py::TestCommandHistory::test_cannot_redo_with_nothing_to_redo PASSED [ 23%]
tests/unit/test_coverage_missing_lines.py::TestResilienceMissingLines::test_retry_exhausts_all_attempts_raises_last_exception PASSED [ 24%]
tests/unit/test_coverage_missing_lines.py::TestResilienceMissingLines::test_circuit_breaker_should_attempt_reset_with_no_failures PASSED [ 24%]
tests/unit/test_coverage_missing_lines.py::TestResilienceMissingLines::test_circuit_breaker_should_attempt_reset_after_timeout PASSED [ 24%]
tests/unit/test_coverage_missing_lines.py::TestTaxCalculationServiceMissingLines::test_get_effective_tax_rate_with_zero_income PASSED [ 24%]
tests/unit/test_coverage_missing_lines.py::TestTaxCalculationServiceMissingLines::test_get_effective_tax_rate_with_negative_income PASSED [ 24%]
tests/unit/test_coverage_missing_lines.py::TestTaxCalculationServiceMissingLines::test_get_marginal_tax_rate_highest_bracket PASSED [ 24%]
tests/unit/test_coverage_missing_lines.py::TestFieldMapperMissingLines::test_dotdict_get_with_default_value PASSED [ 24%]
tests/unit/test_coverage_missing_lines.py::TestFieldMapperMissingLines::test_dotdict_get_with_none_in_path PASSED [ 24%]
tests/unit/test_coverage_missing_lines.py::TestFieldMapperMissingLines::test_dotdict_get_with_non_dict_in_path PASSED [ 25%]
tests/unit/test_coverage_missing_lines.py::TestTaxDataValidatorMissingLines::test_validate_field_with_invalid_format_custom_error PASSED [ 25%]
tests/unit/test_coverage_missing_lines.py::TestTaxDataValidatorMissingLines::test_validate_data_with_invalid_values_stores_errors PASSED [ 25%]
tests/unit/test_coverage_missing_lines.py::TestTaxDataValidatorMissingLines::test_get_nested_value_with_none_returns_none PASSED [ 25%]
tests/unit/test_coverage_missing_lines.py::TestTaxDataValidatorMissingLines::test_get_nested_value_with_empty_nested_dict PASSED [ 25%]
tests/unit/test_coverage_missing_lines.py::TestEdgeCasesForCompleteness::test_circuit_breaker_half_open_recovery PASSED [ 25%]
tests/unit/test_coverage_missing_lines.py::TestEdgeCasesForCompleteness::test_tax_calculation_service_marginal_rate_all_filing_statuses PASSED [ 25%]
tests/unit/test_coverage_missing_lines.py::TestEdgeCasesForCompleteness::test_dotdict_get_with_dotted_key_already_in_dict PASSED [ 25%]
tests/unit/test_dependencies.py::TestDependencyContainer::test_get_tax_calculation_service PASSED [ 26%]
tests/unit/test_dependencies.py::TestDependencyContainer::test_get_tax_calculation_service_custom_year PASSED [ 26%]
tests/unit/test_dependencies.py::TestDependencyContainer::test_get_encryption_service PASSED [ 26%]
tests/unit/test_dependencies.py::TestDependencyContainer::test_singleton_pattern_within_container PASSED [ 26%]
tests/unit/test_dependencies.py::TestDependencyContainer::test_encryption_service_singleton PASSED [ 26%]
tests/unit/test_dependencies.py::TestDependencyContainer::test_container_reset PASSED [ 26%]
tests/unit/test_dependencies.py::TestDependencyContainer::test_multiple_containers_independent PASSED [ 26%]
tests/unit/test_dependencies.py::TestDependencyContainer::test_get_container_function PASSED [ 27%]
tests/unit/test_dependencies.py::TestDependencyContainer::test_get_container_custom_year PASSED [ 27%]
tests/unit/test_dependents_page.py::TestDependentsPage::test_page_initialization PASSED [ 27%]
tests/unit/test_dependents_page.py::TestDependentsPage::test_refresh_dependents_list_empty PASSED [ 27%]
tests/unit/test_dependents_page.py::TestDependentsPage::test_refresh_dependents_list_with_data PASSED [ 27%]
tests/unit/test_dependents_page.py::TestDependentsPage::test_add_dependent PASSED [ 27%]
tests/unit/test_dependents_page.py::TestDependentsPage::test_edit_dependent_selected PASSED [ 27%]
tests/unit/test_dependents_page.py::TestDependentsPage::test_edit_dependent_no_selection PASSED [ 27%]
tests/unit/test_dependents_page.py::TestDependentsPage::test_delete_dependent_selected PASSED [ 28%]
tests/unit/test_dependents_page.py::TestDependentsPage::test_delete_dependent_no_selection PASSED [ 28%]
tests/unit/test_dependents_page.py::TestDependentsPage::test_delete_dependent_cancelled PASSED [ 28%]
tests/unit/test_dependents_page.py::TestDependentDialogLogic::test_dialog_initialization_logic PASSED [ 28%]
tests/unit/test_dependents_page.py::TestDependentDialogLogic::test_save_dependent_validation_logic PASSED [ 28%]
tests/unit/test_dependents_page.py::TestDependentDialogLogic::test_save_dependent_valid_data_logic PASSED [ 28%]
tests/unit/test_dependents_page.py::TestDependentsPageIntegration::test_age_calculation FAILED [ 28%]
tests/unit/test_dependents_page.py::TestDependentsPageIntegration::test_full_workflow PASSED [ 28%]
tests/unit/test_encryption_service.py::TestEncryptionServiceInitialization::test_init_with_path PASSED [ 29%]
tests/unit/test_encryption_service.py::TestEncryptionServiceInitialization::test_init_creates_parent_directory PASSED [ 29%]
tests/unit/test_encryption_service.py::TestKeyManagement::test_generates_new_key_if_not_exists PASSED [ 29%]
tests/unit/test_encryption_service.py::TestKeyManagement::test_loads_existing_key PASSED [ 29%]
tests/unit/test_encryption_service.py::TestKeyManagement::test_cipher_is_cached PASSED [ 29%]
tests/unit/test_encryption_service.py::TestKeyManagement::test_key_file_has_restrictive_permissions PASSED [ 29%]
tests/unit/test_encryption_service.py::TestStringEncryptionDecryption::test_encrypt_string PASSED [ 29%]
tests/unit/test_encryption_service.py::TestStringEncryptionDecryption::test_decrypt_string PASSED [ 29%]
tests/unit/test_encryption_service.py::TestStringEncryptionDecryption::test_encrypt_decrypt_empty_string PASSED [ 30%]
tests/unit/test_encryption_service.py::TestStringEncryptionDecryption::test_encrypt_decrypt_unicode PASSED [ 30%]
tests/unit/test_encryption_service.py::TestStringEncryptionDecryption::test_encrypt_decrypt_long_string PASSED [ 30%]
tests/unit/test_encryption_service.py::TestStringEncryptionDecryption::test_different_instances_same_key_file PASSED [ 30%]
tests/unit/test_encryption_service.py::TestDictionaryEncryption::test_encrypt_dict_with_sensitive_fields PASSED [ 30%]
tests/unit/test_encryption_service.py::TestDictionaryEncryption::test_decrypt_dict_with_sensitive_fields PASSED [ 30%]
tests/unit/test_encryption_service.py::TestDictionaryEncryption::test_encrypt_dict_empty PASSED [ 30%]
tests/unit/test_encryption_service.py::TestDictionaryEncryption::test_encrypt_dict_no_sensitive_fields PASSED [ 30%]
tests/unit/test_encryption_service.py::TestKeyRotation::test_rotate_key_creates_new_key PASSED [ 31%]
tests/unit/test_encryption_service.py::TestKeyRotation::test_rotate_key_creates_parent_directory PASSED [ 31%]
tests/unit/test_encryption_service.py::TestKeyRotation::test_rotated_key_is_different PASSED [ 31%]
tests/unit/test_encryption_service.py::TestErrorHandling::test_decrypt_with_wrong_key PASSED [ 31%]
tests/unit/test_encryption_service.py::TestErrorHandling::test_decrypt_invalid_data PASSED [ 31%]
tests/unit/test_encryption_service.py::TestErrorHandling::test_decrypt_corrupted_data PASSED [ 31%]
tests/unit/test_encryption_service.py::TestEdgeCases::test_encrypt_special_characters PASSED [ 31%]
tests/unit/test_encryption_service.py::TestEdgeCases::test_encrypt_numeric_string PASSED [ 31%]
tests/unit/test_encryption_service.py::TestEdgeCases::test_multiple_encrypt_same_data PASSED [ 32%]
tests/unit/test_encryption_service_missing_coverage.py::TestKeyLoadingErrors::test_load_key_handles_corrupted_key_file PASSED [ 32%]
tests/unit/test_encryption_service_missing_coverage.py::TestKeyLoadingErrors::test_load_key_handles_file_read_permission_error PASSED [ 32%]
tests/unit/test_encryption_service_missing_coverage.py::TestKeyCreationErrors::test_create_key_handles_write_permission_error PASSED [ 32%]
tests/unit/test_encryption_service_missing_coverage.py::TestKeyCreationErrors::test_create_key_handles_chmod_failure PASSED [ 32%]
tests/unit/test_encryption_service_missing_coverage.py::TestEncryptDictStringHandling::test_encrypt_dict_with_empty_string_in_sensitive_field PASSED [ 32%]
tests/unit/test_encryption_service_missing_coverage.py::TestEncryptDictStringHandling::test_encrypt_dict_with_non_string_sensitive_field PASSED [ 32%]
tests/unit/test_encryption_service_missing_coverage.py::TestEncryptDictStringHandling::test_encrypt_dict_encrypts_non_empty_string_values PASSED [ 32%]
tests/unit/test_encryption_service_missing_coverage.py::TestDecryptDictNonEncryptedHandling::test_decrypt_dict_keeps_non_encrypted_plain_text PASSED [ 33%]
tests/unit/test_encryption_service_missing_coverage.py::TestDecryptDictNonEncryptedHandling::test_decrypt_dict_handles_mixed_encrypted_and_plain PASSED [ 33%]
tests/unit/test_error_handling.py::TestTaxDataErrorHandling::test_invalid_ssn_raises_value_error PASSED [ 33%]
tests/unit/test_error_handling.py::TestTaxDataErrorHandling::test_negative_income_raises_error PASSED [ 33%]
tests/unit/test_error_handling.py::TestTaxDataErrorHandling::test_exceed_max_value_raises_error PASSED [ 33%]
tests/unit/test_error_handling.py::TestTaxDataErrorHandling::test_exceed_max_length_raises_error PASSED [ 33%]
tests/unit/test_error_handling.py::TestTaxDataErrorHandling::test_load_nonexistent_file_raises_error PASSED [ 33%]
tests/unit/test_error_handling.py::TestTaxDataErrorHandling::test_invalid_path_raises_error PASSED [ 34%]
tests/unit/test_error_handling.py::TestEventBusResilience::test_failing_handler_doesnt_crash_bus PASSED [ 34%]
tests/unit/test_error_handling.py::TestEventBusResilience::test_multiple_failing_handlers_dont_crash PASSED [ 34%]
tests/unit/test_error_handling.py::TestRetryMechanism::test_retry_success_on_first_attempt PASSED [ 34%]
tests/unit/test_error_handling.py::TestRetryMechanism::test_retry_success_after_failures PASSED [ 34%]
tests/unit/test_error_handling.py::TestRetryMechanism::test_retry_exhausts_attempts PASSED [ 34%]
tests/unit/test_error_handling.py::TestRetryMechanism::test_retry_ignores_unexpected_exceptions PASSED [ 34%]
tests/unit/test_error_handling.py::TestCircuitBreaker::test_circuit_breaker_closed_state PASSED [ 34%]
tests/unit/test_error_handling.py::TestCircuitBreaker::test_circuit_breaker_opens_after_failures PASSED [ 35%]
tests/unit/test_error_handling.py::TestCircuitBreaker::test_circuit_breaker_resets_on_success PASSED [ 35%]
tests/unit/test_error_handling.py::TestErrorTracker::test_track_error_creates_record PASSED [ 35%]
tests/unit/test_error_handling.py::TestErrorTracker::test_error_tracker_writes_to_file PASSED [ 35%]
tests/unit/test_error_handling.py::TestErrorTracker::test_error_summary PASSED [ 35%]
tests/unit/test_error_handling.py::TestErrorTracker::test_clear_old_errors PASSED [ 35%]
tests/unit/test_error_handling.py::TestValidationErrors::test_ssn_validation_message PASSED [ 35%]
tests/unit/test_error_handling.py::TestValidationErrors::test_email_validation_message PASSED [ 35%]
tests/unit/test_error_handling.py::TestValidationErrors::test_zip_validation_message PASSED [ 36%]
tests/unit/test_error_tracker.py::TestErrorRecordCreation::test_create_error_record_minimal PASSED [ 36%]
tests/unit/test_error_tracker.py::TestErrorRecordCreation::test_create_error_record_with_context PASSED [ 36%]
tests/unit/test_error_tracker.py::TestErrorRecordCreation::test_create_error_record_with_stack_trace PASSED [ 36%]
tests/unit/test_error_tracker.py::TestErrorTrackerInitialization::test_init_creates_storage_directory PASSED [ 36%]
tests/unit/test_error_tracker.py::TestErrorTrackerInitialization::test_init_creates_error_file_path PASSED [ 36%]
tests/unit/test_error_tracker.py::TestErrorTrackerInitialization::test_init_with_existing_directory PASSED [ 36%]
tests/unit/test_error_tracker.py::TestErrorTracking::test_track_error_creates_file PASSED [ 36%]
tests/unit/test_error_tracker.py::TestErrorTracking::test_track_error_writes_json_line PASSED [ 37%]
tests/unit/test_error_tracker.py::TestErrorTracking::test_track_error_with_context PASSED [ 37%]
tests/unit/test_error_tracker.py::TestErrorTracking::test_track_error_with_exception PASSED [ 37%]
tests/unit/test_error_tracker.py::TestErrorTracking::test_track_multiple_errors PASSED [ 37%]
tests/unit/test_error_tracker.py::TestErrorSummary::test_get_error_summary_empty_file PASSED [ 37%]
tests/unit/test_error_tracker.py::TestErrorSummary::test_get_error_summary_counts_by_type PASSED [ 37%]
tests/unit/test_error_tracker.py::TestErrorSummary::test_get_error_summary_counts_by_severity PASSED [ 37%]
tests/unit/test_error_tracker.py::TestErrorSummary::test_get_error_summary_returns_recent_errors PASSED [ 37%]
tests/unit/test_error_tracker.py::TestErrorSummary::test_get_error_summary_filters_by_time PASSED [ 38%]
tests/unit/test_error_tracker.py::TestErrorTrends::test_get_error_trends_empty PASSED [ 38%]
tests/unit/test_error_tracker.py::TestErrorTrends::test_get_error_trends_groups_by_date PASSED [ 38%]
tests/unit/test_error_tracker.py::TestErrorTrends::test_get_error_trends_counts_per_day PASSED [ 38%]
tests/unit/test_error_tracker.py::TestErrorCleanup::test_clear_old_errors_no_file PASSED [ 38%]
tests/unit/test_error_tracker.py::TestErrorCleanup::test_clear_old_errors_removes_old_records PASSED [ 38%]
tests/unit/test_error_tracker.py::TestErrorCleanup::test_clear_old_errors_keeps_recent_records PASSED [ 38%]
tests/unit/test_error_tracker.py::TestErrorCleanup::test_clear_old_errors_handles_malformed_records PASSED [ 38%]
tests/unit/test_error_tracker.py::TestGlobalSingleton::test_get_error_tracker_creates_instance PASSED [ 39%]
tests/unit/test_error_tracker.py::TestGlobalSingleton::test_get_error_tracker_returns_same_instance PASSED [ 39%]
tests/unit/test_error_tracker.py::TestGlobalSingleton::test_get_error_tracker_default_directory PASSED [ 39%]
tests/unit/test_error_tracker.py::TestErrorHandling::test_track_error_with_file_write_error PASSED [ 39%]
tests/unit/test_error_tracker.py::TestErrorHandling::test_get_summary_handles_corrupted_file PASSED [ 39%]
tests/unit/test_error_tracker_missing_coverage.py::TestErrorTrackerFileWriteErrors::test_track_error_handles_file_write_permission_error PASSED [ 39%]
tests/unit/test_error_tracker_missing_coverage.py::TestGetErrorSummaryFileReadErrors::test_get_error_summary_handles_file_read_error PASSED [ 39%]
tests/unit/test_error_tracker_missing_coverage.py::TestGetErrorTrendsHandling::test_get_error_trends_handles_json_decode_error PASSED [ 40%]
tests/unit/test_error_tracker_missing_coverage.py::TestGetErrorTrendsHandling::test_get_error_trends_handles_file_read_error PASSED [ 40%]
tests/unit/test_error_tracker_missing_coverage.py::TestClearOldErrorsExceptionHandling::test_clear_old_errors_handles_exception PASSED [ 40%]
tests/unit/test_error_tracker_missing_coverage.py::TestClearOldErrorsExceptionHandling::test_clear_old_errors_cleans_up_temp_file_on_error PASSED [ 40%]
tests/unit/test_event_bus.py::TestEventCreation::test_create_event_minimal PASSED [ 40%]
tests/unit/test_event_bus.py::TestEventCreation::test_create_event_with_data PASSED [ 40%]
tests/unit/test_event_bus.py::TestEventCreation::test_event_to_dict PASSED [ 40%]
tests/unit/test_event_bus.py::TestEventBusInitialization::test_get_instance_creates_singleton PASSED [ 40%]
tests/unit/test_event_bus.py::TestEventBusInitialization::test_reset_instance PASSED [ 41%]
tests/unit/test_event_bus.py::TestEventBusInitialization::test_get_event_bus_function PASSED [ 41%]
tests/unit/test_event_bus.py::TestEventBusSubscription::test_subscribe_adds_handler PASSED [ 41%]
tests/unit/test_event_bus.py::TestEventBusSubscription::test_subscribe_multiple_handlers PASSED [ 41%]
tests/unit/test_event_bus.py::TestEventBusSubscription::test_subscribe_same_handler_twice PASSED [ 41%]
tests/unit/test_event_bus.py::TestEventBusSubscription::test_unsubscribe_removes_handler PASSED [ 41%]
tests/unit/test_event_bus.py::TestEventBusSubscription::test_unsubscribe_nonexistent_handler PASSED [ 41%]
tests/unit/test_event_bus.py::TestEventBusPublishing::test_publish_calls_handler PASSED [ 41%]
tests/unit/test_event_bus.py::TestEventBusPublishing::test_publish_calls_multiple_handlers PASSED [ 42%]
tests/unit/test_event_bus.py::TestEventBusPublishing::test_publish_only_calls_matching_type PASSED [ 42%]
tests/unit/test_event_bus.py::TestEventBusPublishing::test_publish_with_no_subscribers PASSED [ 42%]
tests/unit/test_event_bus.py::TestEventBusPublishing::test_publish_handles_handler_exception PASSED [ 42%]
tests/unit/test_event_bus.py::TestEventHistory::test_publish_adds_to_history PASSED [ 42%]
tests/unit/test_event_bus.py::TestEventHistory::test_get_event_history_limit PASSED [ 42%]
tests/unit/test_event_bus.py::TestEventHistory::test_get_event_history_filter_by_type PASSED [ 42%]
tests/unit/test_event_bus.py::TestEventHistory::test_clear_history PASSED [ 42%]
tests/unit/test_event_bus.py::TestEventHistory::test_history_max_size PASSED [ 43%]
tests/unit/test_event_bus.py::TestGetSubscribersCount::test_subscribers_count_empty PASSED [ 43%]
tests/unit/test_event_bus.py::TestGetSubscribersCount::test_subscribers_count_after_subscribe PASSED [ 43%]
tests/unit/test_event_bus.py::TestGetSubscribersCount::test_subscribers_count_after_unsubscribe PASSED [ 43%]
tests/unit/test_form_8949_generation.py::TestForm8949Generation::test_generate_form_8949_with_data PASSED [ 43%]
tests/unit/test_form_8949_generation.py::TestForm8949Generation::test_calculate_8949_totals_short_term PASSED [ 43%]
tests/unit/test_form_8949_generation.py::TestForm8949Generation::test_calculate_8949_totals_long_term PASSED [ 43%]
tests/unit/test_form_8949_generation.py::TestForm8949Generation::test_generate_form_8949_empty_data PASSED [ 43%]
tests/unit/test_form_8949_generation.py::TestForm8949Generation::test_form_8949_section_creation PASSED [ 44%]
tests/unit/test_form_8949_generation.py::TestForm8949Generation::test_wash_sale_display_in_list PASSED [ 44%]
tests/unit/test_import_utils.py::TestTaxDataImporter::test_init PASSED   [ 44%]
tests/unit/test_import_utils.py::TestTaxDataImporter::test_import_from_file_json PASSED [ 44%]
tests/unit/test_import_utils.py::TestTaxDataImporter::test_import_from_file_unsupported_format PASSED [ 44%]
tests/unit/test_import_utils.py::TestTaxDataImporter::test_import_from_file_not_found PASSED [ 44%]
tests/unit/test_import_utils.py::TestTaxDataImporter::test_identify_form_type_w2 PASSED [ 44%]
tests/unit/test_import_utils.py::TestTaxDataImporter::test_identify_form_type_1099_div PASSED [ 44%]
tests/unit/test_import_utils.py::TestTaxDataImporter::test_identify_form_type_1099_int PASSED [ 45%]
tests/unit/test_import_utils.py::TestTaxDataImporter::test_identify_form_type_unknown PASSED [ 45%]
tests/unit/test_import_utils.py::TestTaxDataImporter::test_extract_w2_data PASSED [ 45%]
tests/unit/test_import_utils.py::TestTaxDataImporter::test_extract_1099_div_data PASSED [ 45%]
tests/unit/test_import_utils.py::TestTaxDataImporter::test_import_from_txf_not_implemented PASSED [ 45%]
tests/unit/test_import_utils.py::TestConvenienceFunctions::test_import_w2_from_pdf PASSED [ 45%]
tests/unit/test_import_utils.py::TestConvenienceFunctions::test_import_1099_from_pdf PASSED [ 45%]
tests/unit/test_import_utils.py::TestConvenienceFunctions::test_import_prior_year_return PASSED [ 45%]
tests/unit/test_income_page.py::TestIncomePage::test_income_page_initialization PASSED [ 46%]
tests/unit/test_income_page.py::TestIncomePage::test_refresh_se_list_empty PASSED [ 46%]
tests/unit/test_income_page.py::TestIncomePage::test_refresh_se_list_with_businesses PASSED [ 46%]
tests/unit/test_income_page.py::TestIncomePage::test_add_self_employment_opens_dialog PASSED [ 46%]
tests/unit/test_income_page.py::TestIncomePage::test_edit_self_employment_opens_dialog PASSED [ 46%]
tests/unit/test_income_page.py::TestIncomePage::test_wash_sale_detection PASSED [ 46%]
tests/unit/test_pdf_field_inspector.py::TestPDFFieldInspector::test_inspect_pdf_fields_success PASSED [ 46%]
tests/unit/test_pdf_field_inspector.py::TestPDFFieldInspector::test_inspect_pdf_fields_no_fields PASSED [ 47%]
tests/unit/test_pdf_field_inspector.py::TestPDFFieldInspector::test_inspect_pdf_fields_verbose PASSED [ 47%]
tests/unit/test_pdf_field_inspector.py::TestPDFFieldInspector::test_inspect_pdf_fields_error PASSED [ 47%]
tests/unit/test_pdf_field_inspector.py::TestPDFFieldInspector::test_inspect_empty_fields PASSED [ 47%]
tests/unit/test_pdf_field_inspector.py::TestPDFFieldInspector::test_inspect_pdf_fields_prints_fields PASSED [ 47%]
tests/unit/test_pdf_field_inspector.py::TestPDFFieldInspector::test_inspect_pdf_fields_other_exception PASSED [ 47%]
tests/unit/test_pdf_field_inspector.py::TestPDFFieldInspector::test_inspect_common_forms_handles_missing PASSED [ 47%]
tests/unit/test_pdf_field_inspector.py::TestPDFFieldInspector::test_main_inspect_specific PASSED [ 47%]
tests/unit/test_pdf_field_inspector.py::TestPDFFieldInspector::test_main_inspect_common PASSED [ 48%]
tests/unit/test_pdf_form_filler.py::TestDotDict::test_dotdict_simple_access PASSED [ 48%]
tests/unit/test_pdf_form_filler.py::TestDotDict::test_dotdict_nested_access PASSED [ 48%]
tests/unit/test_pdf_form_filler.py::TestDotDict::test_dotdict_default_value PASSED [ 48%]
tests/unit/test_pdf_form_filler.py::TestDotDict::test_dotdict_mixed_access PASSED [ 48%]
tests/unit/test_pdf_form_filler.py::TestStandardDeductionCalculation::test_single_standard_deduction PASSED [ 48%]
tests/unit/test_pdf_form_filler.py::TestStandardDeductionCalculation::test_married_filing_jointly PASSED [ 48%]
tests/unit/test_pdf_form_filler.py::TestStandardDeductionCalculation::test_head_of_household PASSED [ 48%]
tests/unit/test_pdf_form_filler.py::TestForm1040Mapper::test_map_personal_info PASSED [ 49%]
tests/unit/test_pdf_form_filler.py::TestForm1040Mapper::test_map_filing_status_single PASSED [ 49%]
tests/unit/test_pdf_form_filler.py::TestForm1040Mapper::test_map_filing_status_married_jointly PASSED [ 49%]
tests/unit/test_pdf_form_filler.py::TestForm1040Mapper::test_map_income_with_w2 PASSED [ 49%]
tests/unit/test_pdf_form_filler.py::TestForm1040Mapper::test_map_income_multiple_w2s PASSED [ 49%]
tests/unit/test_pdf_form_filler.py::TestForm1040Mapper::test_map_payments_withholding PASSED [ 49%]
tests/unit/test_pdf_form_filler.py::TestForm1040Mapper::test_map_deductions_standard PASSED [ 49%]
tests/unit/test_pdf_form_filler.py::TestForm1040Mapper::test_get_all_fields PASSED [ 49%]
tests/unit/test_pdf_form_filler.py::TestPDFFormFiller::test_get_form_path PASSED [ 50%]
tests/unit/test_pdf_form_filler.py::TestPDFFormFiller::test_get_form_path_nonexistent PASSED [ 50%]
tests/unit/test_pdf_form_filler.py::TestPDFFormFiller::test_inspect_form_fields PASSED [ 50%]
tests/unit/test_pdf_generator.py::TestTaxReturnPDFGenerator::test_init PASSED [ 50%]
tests/unit/test_pdf_generator.py::TestTaxReturnPDFGenerator::test_determine_required_forms_basic PASSED [ 50%]
tests/unit/test_pdf_generator.py::TestTaxReturnPDFGenerator::test_determine_required_forms_with_schedules PASSED [ 50%]
tests/unit/test_pdf_generator.py::TestTaxReturnPDFGenerator::test_validate_pdf_generation_valid PASSED [ 50%]
tests/unit/test_pdf_generator.py::TestTaxReturnPDFGenerator::test_validate_pdf_generation_missing_required PASSED [ 50%]
tests/unit/test_pdf_generator.py::TestTaxReturnPDFGenerator::test_get_output_path PASSED [ 51%]
tests/unit/test_pdf_generator.py::TestTaxReturnPDFGenerator::test_generate_complete_return_basic PASSED [ 51%]
tests/unit/test_property_based_calculations.py::TestStandardDeductionProperties::test_standard_deduction_is_positive PASSED [ 51%]
tests/unit/test_property_based_calculations.py::TestStandardDeductionProperties::test_standard_deduction_has_expected_range PASSED [ 51%]
tests/unit/test_property_based_calculations.py::TestStandardDeductionProperties::test_mfj_deduction_at_least_single PASSED [ 51%]
tests/unit/test_property_based_calculations.py::TestStandardDeductionProperties::test_deduction_consistency_across_years PASSED [ 51%]
tests/unit/test_property_based_calculations.py::TestIncomeTaxProperties::test_income_tax_not_negative PASSED [ 51%]
tests/unit/test_property_based_calculations.py::TestIncomeTaxProperties::test_income_tax_not_greater_than_income PASSED [ 51%]
tests/unit/test_property_based_calculations.py::TestIncomeTaxProperties::test_income_tax_monotonic_increasing PASSED [ 52%]
tests/unit/test_property_based_calculations.py::TestIncomeTaxProperties::test_zero_income_zero_tax PASSED [ 52%]
tests/unit/test_property_based_calculations.py::TestIncomeTaxProperties::test_average_tax_rate_bounded PASSED [ 52%]
tests/unit/test_property_based_calculations.py::TestEITCProperties::test_eitc_not_negative PASSED [ 52%]
tests/unit/test_property_based_calculations.py::TestEITCProperties::test_eitc_zero_for_very_low_income PASSED [ 52%]
tests/unit/test_property_based_calculations.py::TestEITCProperties::test_eitc_zero_for_high_income PASSED [ 52%]
tests/unit/test_property_based_calculations.py::TestEITCProperties::test_eitc_higher_with_children PASSED [ 52%]
tests/unit/test_property_based_calculations.py::TestChildTaxCreditProperties::test_ctc_not_negative PASSED [ 52%]
tests/unit/test_property_based_calculations.py::TestChildTaxCreditProperties::test_ctc_zero_without_dependents PASSED [ 53%]
tests/unit/test_property_based_calculations.py::TestChildTaxCreditProperties::test_ctc_increases_with_children PASSED [ 53%]
tests/unit/test_property_based_calculations.py::TestChildTaxCreditProperties::test_ctc_bounded_per_child PASSED [ 53%]
tests/unit/test_property_based_calculations.py::TestSelfEmploymentTaxProperties::test_se_tax_not_negative PASSED [ 53%]
tests/unit/test_property_based_calculations.py::TestSelfEmploymentTaxProperties::test_se_tax_not_exceeds_earnings PASSED [ 53%]
tests/unit/test_property_based_calculations.py::TestSelfEmploymentTaxProperties::test_se_tax_zero_for_zero_earnings PASSED [ 53%]
tests/unit/test_property_based_calculations.py::TestSelfEmploymentTaxProperties::test_se_tax_monotonic PASSED [ 53%]
tests/unit/test_property_based_calculations.py::TestTaxCalculationInvariants::test_total_tax_components_consistent PASSED [ 54%]
tests/unit/test_property_based_calculations.py::TestTaxCalculationInvariants::test_marginal_rate_effect PASSED [ 54%]
tests/unit/test_resilience.py::TestRetryDecorator::test_retry_success_first_attempt PASSED [ 54%]
tests/unit/test_resilience.py::TestRetryDecorator::test_retry_success_after_failures PASSED [ 54%]
tests/unit/test_resilience.py::TestRetryDecorator::test_retry_fails_after_max_attempts PASSED [ 54%]
tests/unit/test_resilience.py::TestRetryDecorator::test_retry_exponential_backoff PASSED [ 54%]
tests/unit/test_resilience.py::TestRetryDecorator::test_retry_specific_exceptions PASSED [ 54%]
tests/unit/test_resilience.py::TestRetryDecorator::test_retry_preserves_function_metadata PASSED [ 54%]
tests/unit/test_resilience.py::TestCircuitBreakerInitialization::test_init_defaults PASSED [ 55%]
tests/unit/test_resilience.py::TestCircuitBreakerInitialization::test_init_custom_parameters PASSED [ 55%]
tests/unit/test_resilience.py::TestCircuitBreakerClosedState::test_call_success_in_closed_state PASSED [ 55%]
tests/unit/test_resilience.py::TestCircuitBreakerClosedState::test_call_failure_increments_count PASSED [ 55%]
tests/unit/test_resilience.py::TestCircuitBreakerClosedState::test_call_opens_after_threshold PASSED [ 55%]
tests/unit/test_resilience.py::TestCircuitBreakerOpenState::test_call_raises_when_open PASSED [ 55%]
tests/unit/test_resilience.py::TestCircuitBreakerOpenState::test_open_state_includes_recovery_time PASSED [ 55%]
tests/unit/test_resilience.py::TestCircuitBreakerHalfOpenState::test_transitions_to_half_open_after_timeout PASSED [ 55%]
tests/unit/test_resilience.py::TestCircuitBreakerHalfOpenState::test_half_open_success_closes_circuit PASSED [ 56%]
tests/unit/test_resilience.py::TestCircuitBreakerHalfOpenState::test_half_open_failure_reopens_circuit PASSED [ 56%]
tests/unit/test_resilience.py::TestCircuitBreakerReset::test_manual_reset_clears_state PASSED [ 56%]
tests/unit/test_resilience.py::TestCircuitBreakerReset::test_reset_from_open_state PASSED [ 56%]
tests/unit/test_resilience.py::TestCircuitBreakerGetState::test_get_state_closed PASSED [ 56%]
tests/unit/test_resilience.py::TestCircuitBreakerGetState::test_get_state_open PASSED [ 56%]
tests/unit/test_tax_calculation_service.py::TestTaxResultDataclass::test_tax_result_initialization PASSED [ 56%]
tests/unit/test_tax_calculation_service.py::TestTaxResultDataclass::test_tax_result_to_dict PASSED [ 56%]
tests/unit/test_tax_calculation_service.py::TestTaxResultDataclass::test_tax_result_all_fields_in_dict PASSED [ 57%]
tests/unit/test_tax_calculation_service.py::TestTaxCalculationServiceInitialization::test_service_initialization_default_year PASSED [ 57%]
tests/unit/test_tax_calculation_service.py::TestSimpleW2Return::test_calculate_simple_w2_single_filer PASSED [ 57%]
tests/unit/test_tax_calculation_service.py::TestSimpleW2Return::test_calculate_multiple_w2_forms PASSED [ 57%]
tests/unit/test_tax_calculation_service.py::TestSimpleW2Return::test_calculate_w2_with_refund PASSED [ 57%]
tests/unit/test_tax_calculation_service.py::TestSimpleW2Return::test_calculate_w2_with_amount_owed PASSED [ 57%]
tests/unit/test_tax_calculation_service.py::TestFilingStatuses::test_filing_status_deductions[Single-15750.0] PASSED [ 57%]
tests/unit/test_tax_calculation_service.py::TestFilingStatuses::test_filing_status_deductions[MFJ-31500.0] PASSED [ 57%]
tests/unit/test_tax_calculation_service.py::TestFilingStatuses::test_filing_status_deductions[MFS-15750.0] PASSED [ 58%]
tests/unit/test_tax_calculation_service.py::TestFilingStatuses::test_filing_status_deductions[HOH-23625.0] PASSED [ 58%]
tests/unit/test_tax_calculation_service.py::TestFilingStatuses::test_filing_status_deductions[QW-31500.0] PASSED [ 58%]
tests/unit/test_tax_calculation_service.py::TestFilingStatuses::test_married_filing_jointly_lower_tax PASSED [ 58%]
tests/unit/test_tax_calculation_service.py::TestMultipleIncomeTypes::test_wages_plus_interest PASSED [ 58%]
tests/unit/test_tax_calculation_service.py::TestMultipleIncomeTypes::test_tax_exempt_interest_excluded_from_income PASSED [ 58%]
tests/unit/test_tax_calculation_service.py::TestMultipleIncomeTypes::test_wages_plus_dividends PASSED [ 58%]
tests/unit/test_tax_calculation_service.py::TestMultipleIncomeTypes::test_multiple_income_sources PASSED [ 58%]
tests/unit/test_tax_calculation_service.py::TestSelfEmploymentIncome::test_business_income_triggers_se_tax PASSED [ 59%]
tests/unit/test_tax_calculation_service.py::TestSelfEmploymentIncome::test_w2_plus_business_income PASSED [ 59%]
tests/unit/test_tax_calculation_service.py::TestDeductions::test_standard_deduction_default PASSED [ 59%]
tests/unit/test_tax_calculation_service.py::TestDeductions::test_itemized_deductions PASSED [ 59%]
tests/unit/test_tax_calculation_service.py::TestPaymentsAndRefund::test_estimated_tax_payments PASSED [ 59%]
tests/unit/test_tax_calculation_service.py::TestPaymentsAndRefund::test_refund_calculation PASSED [ 59%]
tests/unit/test_tax_calculation_service.py::TestPaymentsAndRefund::test_amount_owed_calculation PASSED [ 59%]
tests/unit/test_tax_calculation_service.py::TestServiceUtilityMethods::test_get_effective_tax_rate PASSED [ 60%]
tests/unit/test_tax_calculation_service.py::TestServiceUtilityMethods::test_get_effective_tax_rate_zero_agi PASSED [ 60%]
tests/unit/test_tax_calculation_service.py::TestServiceUtilityMethods::test_get_marginal_tax_rate_single_low_income PASSED [ 60%]
tests/unit/test_tax_calculation_service.py::TestServiceUtilityMethods::test_get_marginal_tax_rate_single_medium_income PASSED [ 60%]
tests/unit/test_tax_calculation_service.py::TestServiceUtilityMethods::test_get_marginal_tax_rate_all_statuses[Single] PASSED [ 60%]
tests/unit/test_tax_calculation_service.py::TestServiceUtilityMethods::test_get_marginal_tax_rate_all_statuses[MFJ] PASSED [ 60%]
tests/unit/test_tax_calculation_service.py::TestServiceUtilityMethods::test_get_marginal_tax_rate_all_statuses[MFS] PASSED [ 60%]
tests/unit/test_tax_calculation_service.py::TestServiceUtilityMethods::test_get_marginal_tax_rate_all_statuses[HOH] PASSED [ 60%]
tests/unit/test_tax_calculation_service.py::TestServiceUtilityMethods::test_get_marginal_tax_rate_all_statuses[QW] PASSED [ 61%]
tests/unit/test_tax_calculation_service.py::TestEdgeCases::test_no_income PASSED [ 61%]
tests/unit/test_tax_calculation_service.py::TestEdgeCases::test_income_below_standard_deduction PASSED [ 61%]
tests/unit/test_tax_calculation_service.py::TestEdgeCases::test_very_high_income PASSED [ 61%]
tests/unit/test_tax_calculations.py::TestStandardDeduction::test_standard_deduction_2025[Single-15750.0] PASSED [ 61%]
tests/unit/test_tax_calculations.py::TestStandardDeduction::test_standard_deduction_2025[MFJ-31500.0] PASSED [ 61%]
tests/unit/test_tax_calculations.py::TestStandardDeduction::test_standard_deduction_2025[MFS-15750.0] PASSED [ 61%]
tests/unit/test_tax_calculations.py::TestStandardDeduction::test_standard_deduction_2025[HOH-23625.0] PASSED [ 61%]
tests/unit/test_tax_calculations.py::TestStandardDeduction::test_standard_deduction_2025[QW-31500.0] PASSED [ 62%]
tests/unit/test_tax_calculations.py::TestStandardDeduction::test_standard_deduction_invalid_status_defaults_to_single PASSED [ 62%]
tests/unit/test_tax_calculations.py::TestStandardDeduction::test_standard_deduction_caching PASSED [ 62%]
tests/unit/test_tax_calculations.py::TestIncomeTaxCalculation::test_income_tax_zero_income PASSED [ 62%]
tests/unit/test_tax_calculations.py::TestIncomeTaxCalculation::test_income_tax_single_low_income PASSED [ 62%]
tests/unit/test_tax_calculations.py::TestIncomeTaxCalculation::test_income_tax_single_two_brackets PASSED [ 62%]
tests/unit/test_tax_calculations.py::TestIncomeTaxCalculation::test_income_tax_single_multiple_brackets PASSED [ 62%]
tests/unit/test_tax_calculations.py::TestIncomeTaxCalculation::test_income_tax_exact_bracket_threshold PASSED [ 62%]
tests/unit/test_tax_calculations.py::TestIncomeTaxCalculation::test_income_tax_all_filing_statuses[Single] PASSED [ 63%]
tests/unit/test_tax_calculations.py::TestIncomeTaxCalculation::test_income_tax_all_filing_statuses[MFJ] PASSED [ 63%]
tests/unit/test_tax_calculations.py::TestIncomeTaxCalculation::test_income_tax_all_filing_statuses[MFS] PASSED [ 63%]
tests/unit/test_tax_calculations.py::TestIncomeTaxCalculation::test_income_tax_all_filing_statuses[HOH] PASSED [ 63%]
tests/unit/test_tax_calculations.py::TestIncomeTaxCalculation::test_income_tax_all_filing_statuses[QW] PASSED [ 63%]
tests/unit/test_tax_calculations.py::TestIncomeTaxCalculation::test_income_tax_married_filing_jointly PASSED [ 63%]
tests/unit/test_tax_calculations.py::TestIncomeTaxCalculation::test_income_tax_head_of_household PASSED [ 63%]
tests/unit/test_tax_calculations.py::TestIncomeTaxCalculation::test_income_tax_high_income PASSED [ 63%]
tests/unit/test_tax_calculations.py::TestIncomeTaxCalculation::test_income_tax_caching PASSED [ 64%]
tests/unit/test_tax_calculations.py::TestSelfEmploymentTax::test_se_tax_zero_earnings PASSED [ 64%]
tests/unit/test_tax_calculations.py::TestSelfEmploymentTax::test_se_tax_negative_earnings PASSED [ 64%]
tests/unit/test_tax_calculations.py::TestSelfEmploymentTax::test_se_tax_low_earnings PASSED [ 64%]
tests/unit/test_tax_calculations.py::TestSelfEmploymentTax::test_se_tax_medium_earnings PASSED [ 64%]
tests/unit/test_tax_calculations.py::TestSelfEmploymentTax::test_se_tax_above_ss_wage_base PASSED [ 64%]
tests/unit/test_tax_calculations.py::TestSelfEmploymentTax::test_se_tax_above_medicare_threshold PASSED [ 64%]
tests/unit/test_tax_calculations.py::TestChildTaxCredit::test_ctc_no_children PASSED [ 64%]
tests/unit/test_tax_calculations.py::TestChildTaxCredit::test_ctc_one_child PASSED [ 65%]
tests/unit/test_tax_calculations.py::TestChildTaxCredit::test_ctc_multiple_children PASSED [ 65%]
tests/unit/test_tax_calculations.py::TestChildTaxCredit::test_ctc_other_dependents PASSED [ 65%]
tests/unit/test_tax_calculations.py::TestChildTaxCredit::test_ctc_mixed_dependents PASSED [ 65%]
tests/unit/test_tax_calculations.py::TestChildTaxCredit::test_ctc_phaseout_single_high_income PASSED [ 65%]
tests/unit/test_tax_calculations.py::TestChildTaxCredit::test_ctc_phaseout_mfj_high_income PASSED [ 65%]
tests/unit/test_tax_calculations.py::TestChildTaxCredit::test_ctc_phaseout_complete PASSED [ 65%]
tests/unit/test_tax_calculations.py::TestChildTaxCredit::test_ctc_no_phaseout_below_threshold PASSED [ 65%]
tests/unit/test_tax_calculations.py::TestEarnedIncomeCredit::test_eic_no_children_low_income PASSED [ 66%]
tests/unit/test_tax_calculations.py::TestEarnedIncomeCredit::test_eic_one_child PASSED [ 66%]
tests/unit/test_tax_calculations.py::TestEarnedIncomeCredit::test_eic_two_children PASSED [ 66%]
tests/unit/test_tax_calculations.py::TestEarnedIncomeCredit::test_eic_three_or_more_children PASSED [ 66%]
tests/unit/test_tax_calculations.py::TestEarnedIncomeCredit::test_eic_agi_too_high PASSED [ 66%]
tests/unit/test_tax_calculations.py::TestEarnedIncomeCredit::test_eic_married_filing_separately_ineligible PASSED [ 66%]
tests/unit/test_tax_calculations.py::TestEarnedIncomeCredit::test_eic_married_filing_jointly_higher_threshold PASSED [ 66%]
tests/unit/test_tax_calculations.py::TestEducationCredits::test_aotc_no_expenses PASSED [ 67%]
tests/unit/test_tax_calculations.py::TestEducationCredits::test_aotc_low_expenses PASSED [ 67%]
tests/unit/test_tax_calculations.py::TestEducationCredits::test_aotc_medium_expenses PASSED [ 67%]
tests/unit/test_tax_calculations.py::TestEducationCredits::test_aotc_max_expenses PASSED [ 67%]
tests/unit/test_tax_calculations.py::TestEducationCredits::test_aotc_first_year PASSED [ 67%]
tests/unit/test_tax_calculations.py::TestEducationCredits::test_aotc_fourth_year PASSED [ 67%]
tests/unit/test_tax_calculations.py::TestEducationCredits::test_aotc_fifth_year_ineligible PASSED [ 67%]
tests/unit/test_tax_calculations.py::TestEducationCredits::test_llc_no_expenses PASSED [ 67%]
tests/unit/test_tax_calculations.py::TestEducationCredits::test_llc_low_expenses PASSED [ 68%]
tests/unit/test_tax_calculations.py::TestEducationCredits::test_llc_max_expenses PASSED [ 68%]
tests/unit/test_tax_calculations.py::TestEducationCredits::test_llc_exactly_max PASSED [ 68%]
tests/unit/test_tax_calculations.py::TestTaxCalculationEdgeCases::test_income_tax_very_small_amount PASSED [ 68%]
tests/unit/test_tax_calculations.py::TestTaxCalculationEdgeCases::test_child_tax_credit_rounding PASSED [ 68%]
tests/unit/test_tax_calculations.py::TestTaxCalculationEdgeCases::test_se_tax_rounding PASSED [ 68%]
tests/unit/test_tax_calculations.py::TestTaxCalculationEdgeCases::test_all_filing_statuses_are_valid PASSED [ 68%]
tests/unit/test_tax_data.py::TestTaxDataInitialization::test_create_empty_tax_data PASSED [ 68%]
tests/unit/test_tax_data.py::TestTaxDataInitialization::test_default_tax_year PASSED [ 69%]
tests/unit/test_tax_data.py::TestTaxDataInitialization::test_default_filing_status PASSED [ 69%]
tests/unit/test_tax_data.py::TestTaxDataInitialization::test_all_sections_initialized PASSED [ 69%]
tests/unit/test_tax_data.py::TestTaxDataGetSet::test_get_simple_value PASSED [ 69%]
tests/unit/test_tax_data.py::TestTaxDataGetSet::test_get_nested_value PASSED [ 69%]
tests/unit/test_tax_data.py::TestTaxDataGetSet::test_get_nonexistent_value PASSED [ 69%]
tests/unit/test_tax_data.py::TestTaxDataGetSet::test_set_creates_nested_structure PASSED [ 69%]
tests/unit/test_tax_data.py::TestTaxDataGetSet::test_get_entire_section PASSED [ 69%]
tests/unit/test_tax_data.py::TestTaxDataW2Forms::test_add_w2_form PASSED [ 70%]
tests/unit/test_tax_data.py::TestTaxDataW2Forms::test_add_multiple_w2_forms PASSED [ 70%]
tests/unit/test_tax_data.py::TestTaxDataW2Forms::test_update_w2_form PASSED [ 70%]
tests/unit/test_tax_data.py::TestTaxDataW2Forms::test_delete_w2_form PASSED [ 70%]
tests/unit/test_tax_data.py::TestTaxDataDependents::test_add_dependent PASSED [ 70%]
tests/unit/test_tax_data.py::TestTaxDataDependents::test_delete_dependent PASSED [ 70%]
tests/unit/test_tax_data.py::TestTaxDataValidation::test_validate_ssn_format PASSED [ 70%]
tests/unit/test_tax_data.py::TestTaxDataValidation::test_validate_state_code PASSED [ 70%]
tests/unit/test_tax_data.py::TestTaxDataValidation::test_numeric_values PASSED [ 71%]
tests/unit/test_tax_data.py::TestTaxDataSerialization::test_to_dict PASSED [ 71%]
tests/unit/test_tax_data.py::TestTaxDataSerialization::test_from_dict PASSED [ 71%]
tests/unit/test_tax_data.py::TestTaxDataSerialization::test_save_and_load PASSED [ 71%]
tests/unit/test_tax_data.py::TestTaxDataCalculateTotalIncome::test_calculate_total_income_w2_only PASSED [ 71%]
tests/unit/test_tax_data.py::TestTaxDataCalculateTotalIncome::test_calculate_total_income_multiple_w2s PASSED [ 71%]
tests/unit/test_tax_data.py::TestTaxDataCalculateTotalIncome::test_calculate_total_income_with_interest PASSED [ 71%]
tests/unit/test_tax_data.py::TestTaxDataCalculateTotalIncome::test_calculate_total_income_with_dividends PASSED [ 71%]
tests/unit/test_tax_data.py::TestTaxDataCalculateTotalIncome::test_calculate_total_income_with_business PASSED [ 72%]
tests/unit/test_tax_data.py::TestTaxDataCalculateTotalIncome::test_calculate_total_income_with_self_employment PASSED [ 72%]
tests/unit/test_tax_data.py::TestTaxDataCalculateTotalIncome::test_calculate_total_income_with_retirement_distributions PASSED [ 72%]
tests/unit/test_tax_data.py::TestTaxDataCalculateTotalIncome::test_calculate_total_income_with_social_security PASSED [ 72%]
tests/unit/test_tax_data.py::TestTaxDataCalculateTotalIncome::test_calculate_total_income_with_capital_gains PASSED [ 72%]
tests/unit/test_tax_data.py::TestTaxDataCalculateTotalIncome::test_calculate_total_income_with_rental_income PASSED [ 72%]
tests/unit/test_tax_data.py::TestTaxDataCalculateTotalIncome::test_calculate_total_income_all_sources PASSED [ 72%]
tests/unit/test_tax_data.py::TestTaxDataCalculateAGI::test_calculate_agi_no_adjustments PASSED [ 72%]
tests/unit/test_tax_data.py::TestTaxDataCalculateAGI::test_calculate_agi_with_adjustments PASSED [ 73%]
tests/unit/test_tax_data.py::TestTaxDataCalculateAGI::test_calculate_agi_various_adjustments PASSED [ 73%]
tests/unit/test_tax_data.py::TestTaxDataCalculateTaxableIncome::test_calculate_taxable_income_with_standard_deduction PASSED [ 73%]
tests/unit/test_tax_data.py::TestTaxDataCalculateTaxableIncome::test_calculate_taxable_income_agi_below_deduction PASSED [ 73%]
tests/unit/test_tax_data.py::TestTaxDataCalculateTaxableIncome::test_calculate_taxable_income_with_itemized_deduction PASSED [ 73%]
tests/unit/test_tax_data.py::TestTaxDataCalculateTaxableIncome::test_calculate_taxable_income_mfj_deduction PASSED [ 73%]
tests/unit/test_tax_data.py::TestTaxDataCalculateCredits::test_calculate_credits_no_dependents PASSED [ 73%]
tests/unit/test_tax_data.py::TestTaxDataCalculateCredits::test_calculate_credits_with_children PASSED [ 74%]
tests/unit/test_tax_data.py::TestTaxDataCalculateCredits::test_calculate_credits_with_other_dependents PASSED [ 74%]
tests/unit/test_tax_data.py::TestTaxDataCalculateCredits::test_calculate_credits_phaseout_high_income PASSED [ 74%]
tests/unit/test_tax_data.py::TestTaxDataCalculateCredits::test_calculate_credits_retirement_savings PASSED [ 74%]
tests/unit/test_tax_data.py::TestTaxDataCalculateCredits::test_calculate_credits_child_dependent_care PASSED [ 74%]
tests/unit/test_tax_data.py::TestTaxDataCalculateCredits::test_calculate_credits_residential_energy PASSED [ 74%]
tests/unit/test_tax_data.py::TestTaxDataCalculateCredits::test_calculate_credits_premium_tax PASSED [ 74%]
tests/unit/test_tax_data.py::TestTaxDataCalculateTotals::test_calculate_totals_simple_w2 PASSED [ 74%]
tests/unit/test_tax_data.py::TestTaxDataCalculateTotals::test_calculate_totals_with_multiple_income_sources PASSED [ 75%]
tests/unit/test_tax_data.py::TestTaxDataCalculateTotals::test_calculate_totals_includes_all_keys PASSED [ 75%]
tests/unit/test_tax_data.py::TestTaxDataCalculateTotals::test_calculate_totals_refund_scenario PASSED [ 75%]
tests/unit/test_tax_data.py::TestTaxDataCalculateTotals::test_calculate_totals_owe_scenario PASSED [ 75%]
tests/unit/test_tax_data_additional.py::TestTaxDataEdgeCases::test_add_to_list_creates_list PASSED [ 75%]
tests/unit/test_tax_data_additional.py::TestTaxDataEdgeCases::test_add_to_list_appends_to_existing PASSED [ 75%]
tests/unit/test_tax_data_additional.py::TestTaxDataEdgeCases::test_remove_from_list_by_index PASSED [ 75%]
tests/unit/test_tax_data_additional.py::TestTaxDataEdgeCases::test_remove_from_list_invalid_index PASSED [ 75%]
tests/unit/test_tax_data_additional.py::TestTaxDataEdgeCases::test_get_section_returns_dict PASSED [ 76%]
tests/unit/test_tax_data_additional.py::TestTaxDataEdgeCases::test_set_section_replaces_entire_section PASSED [ 76%]
tests/unit/test_tax_data_additional.py::TestTaxDataEdgeCases::test_get_required_forms_basic PASSED [ 76%]
tests/unit/test_tax_data_additional.py::TestTaxDataEdgeCases::test_get_required_forms_with_business_income PASSED [ 76%]
tests/unit/test_tax_data_additional.py::TestTaxDataEdgeCases::test_get_required_forms_with_self_employment PASSED [ 76%]
tests/unit/test_tax_data_additional.py::TestTaxDataCalculations::test_calculate_unemployment_income_single_value PASSED [ 76%]
tests/unit/test_tax_data_additional.py::TestTaxDataCalculations::test_calculate_unemployment_income_list PASSED [ 76%]
tests/unit/test_tax_data_additional.py::TestTaxDataCalculations::test_calculate_totals_with_self_employment_tax PASSED [ 76%]
tests/unit/test_tax_data_additional.py::TestTaxDataCalculations::test_calculate_totals_no_self_employment_tax PASSED [ 77%]
tests/unit/test_tax_data_additional.py::TestTaxDataCalculations::test_calculate_credits_eitc_included PASSED [ 77%]
tests/unit/test_tax_data_additional.py::TestTaxDataValidation::test_set_validates_ssn PASSED [ 77%]
tests/unit/test_tax_data_additional.py::TestTaxDataValidation::test_set_validates_numeric_fields PASSED [ 77%]
tests/unit/test_tax_data_additional.py::TestTaxDataValidation::test_set_validates_max_values PASSED [ 77%]
tests/unit/test_tax_data_additional.py::TestTaxDataCaching::test_cache_invalidation_on_data_change PASSED [ 77%]
tests/unit/test_tax_data_additional.py::TestTaxDataCaching::test_cache_used_for_repeated_calls PASSED [ 77%]
tests/unit/test_tax_data_additional.py::TestTaxDataW2Operations::test_update_w2_form_valid_index PASSED [ 77%]
tests/unit/test_tax_data_additional.py::TestTaxDataW2Operations::test_update_w2_form_invalid_index PASSED [ 78%]
tests/unit/test_tax_data_additional.py::TestTaxDataFileOperations::test_save_creates_file_with_secure_permissions PASSED [ 78%]
tests/unit/test_tax_data_additional.py::TestTaxDataFileOperations::test_save_and_load_preserves_all_data PASSED [ 78%]
tests/unit/test_tax_data_additional.py::TestTaxDataFileOperations::test_load_nonexistent_file PASSED [ 78%]
tests/unit/test_tax_data_additional.py::TestTaxDataMetadata::test_metadata_tracks_modifications PASSED [ 78%]
tests/unit/test_tax_data_additional.py::TestTaxDataMetadata::test_to_dict_includes_all_sections PASSED [ 78%]
tests/unit/test_tax_data_additional.py::TestTaxDataMetadata::test_from_dict_restores_data PASSED [ 78%]
tests/unit/test_tax_data_validator.py::TestTaxDataValidator::test_validate_ssn_field_valid PASSED [ 78%]
tests/unit/test_tax_data_validator.py::TestTaxDataValidator::test_validate_ssn_field_invalid PASSED [ 79%]
tests/unit/test_tax_data_validator.py::TestTaxDataValidator::test_validate_email_field_valid PASSED [ 79%]
tests/unit/test_tax_data_validator.py::TestTaxDataValidator::test_validate_email_field_invalid PASSED [ 79%]
tests/unit/test_tax_data_validator.py::TestTaxDataValidator::test_validate_zip_code_valid PASSED [ 79%]
tests/unit/test_tax_data_validator.py::TestTaxDataValidator::test_validate_phone_valid PASSED [ 79%]
tests/unit/test_tax_data_validator.py::TestTaxDataValidator::test_validate_field_length_limit_ok PASSED [ 79%]
tests/unit/test_tax_data_validator.py::TestTaxDataValidator::test_validate_field_length_limit_exceeded PASSED [ 79%]
tests/unit/test_tax_data_validator.py::TestTaxDataValidator::test_validate_field_no_validator PASSED [ 80%]
tests/unit/test_tax_data_validator.py::TestTaxDataValidator::test_validate_data_structure_all_valid PASSED [ 80%]
tests/unit/test_tax_data_validator.py::TestTaxDataValidator::test_validate_data_structure_with_errors PASSED [ 80%]
tests/unit/test_tax_data_validator.py::TestTaxDataValidator::test_validate_data_missing_fields PASSED [ 80%]
tests/unit/test_tax_data_validator.py::TestTaxDataValidator::test_get_nested_value_simple PASSED [ 80%]
tests/unit/test_tax_data_validator.py::TestTaxDataValidator::test_get_nested_value_missing PASSED [ 80%]
tests/unit/test_tax_data_validator.py::TestTaxDataValidator::test_get_nested_value_deep PASSED [ 80%]
tests/unit/test_tax_data_validator.py::TestTaxDataValidator::test_validate_filing_status_valid PASSED [ 80%]
tests/unit/test_tax_data_validator.py::TestTaxDataValidator::test_validate_filing_status_invalid PASSED [ 81%]
tests/unit/test_tax_data_validator.py::TestTaxDataValidator::test_validate_tax_year_valid PASSED [ 81%]
tests/unit/test_tax_data_validator.py::TestTaxDataValidator::test_validate_tax_year_too_old PASSED [ 81%]
tests/unit/test_tax_data_validator.py::TestTaxDataValidator::test_validate_tax_year_future PASSED [ 81%]
tests/unit/test_tax_data_validator.py::TestTaxDataValidator::test_validate_amount_valid PASSED [ 81%]
tests/unit/test_tax_data_validator.py::TestTaxDataValidator::test_validate_amount_negative PASSED [ 81%]
tests/unit/test_tax_data_validator.py::TestTaxDataValidator::test_validate_amount_invalid PASSED [ 81%]
tests/unit/test_tax_data_validator.py::TestTaxDataValidator::test_validate_amount_custom_field_name PASSED [ 81%]
tests/unit/test_tax_data_validator.py::TestTaxDataValidator::test_spouse_ssn_validation PASSED [ 82%]
tests/unit/test_tax_data_validator.py::TestTaxDataValidator::test_multiple_length_violations PASSED [ 82%]
tests/unit/test_tax_planning_service.py::TestTaxPlanningService::test_init PASSED [ 82%]
tests/unit/test_tax_planning_service.py::TestTaxPlanningService::test_analyze_scenario_income_change PASSED [ 82%]
tests/unit/test_tax_planning_service.py::TestTaxPlanningService::test_analyze_scenario_filing_status_change PASSED [ 82%]
tests/unit/test_tax_planning_service.py::TestTaxPlanningService::test_project_future_tax PASSED [ 82%]
tests/unit/test_tax_planning_service.py::TestTaxPlanningService::test_calculate_estimated_tax_payments PASSED [ 82%]
tests/unit/test_tax_planning_service.py::TestTaxPlanningService::test_calculate_withholding_recommendation PASSED [ 82%]
tests/unit/test_tax_planning_service.py::TestTaxPlanningService::test_optimize_retirement_contributions PASSED [ 83%]
tests/unit/test_tax_planning_service.py::TestTaxPlanningService::test_scenario_result_to_dict PASSED [ 83%]
tests/unit/test_tax_planning_service.py::TestTaxPlanningService::test_tax_projection_to_dict PASSED [ 83%]
tests/unit/test_tax_planning_service.py::TestTaxPlanningService::test_estimated_tax_payment_to_dict PASSED [ 83%]
tests/unit/test_tax_planning_service.py::TestTaxPlanningService::test_withholding_recommendation_to_dict PASSED [ 83%]
tests/unit/test_tax_planning_service.py::TestTaxPlanningService::test_retirement_optimization_to_dict PASSED [ 83%]
tests/unit/test_tax_planning_service.py::TestTaxPlanningService::test_service_with_custom_tax_year PASSED [ 83%]
tests/unit/test_tax_planning_service.py::TestTaxPlanningService::test_projection_invalid_year PASSED [ 83%]
tests/unit/test_tax_planning_service.py::TestTaxPlanningService::test_estimated_tax_zero_income PASSED [ 84%]
tests/unit/test_tax_planning_service.py::TestTaxPlanningService::test_withholding_zero_income PASSED [ 84%]
tests/unit/test_tax_planning_service.py::TestTaxPlanningService::test_retirement_zero_income PASSED [ 84%]
tests/unit/test_tax_planning_service.py::TestConvenienceFunctions::test_scenario_with_empty_changes PASSED [ 84%]
tests/unit/test_tax_planning_service.py::TestConvenienceFunctions::test_projection_confidence_levels PASSED [ 84%]
tests/unit/test_validation.py::TestSSNValidation::test_valid_ssn_with_hyphens PASSED [ 84%]
tests/unit/test_validation.py::TestSSNValidation::test_valid_ssn_without_hyphens PASSED [ 84%]
tests/unit/test_validation.py::TestSSNValidation::test_valid_ssn_with_spaces PASSED [ 84%]
tests/unit/test_validation.py::TestSSNValidation::test_invalid_ssn_all_zeros_area PASSED [ 85%]
tests/unit/test_validation.py::TestSSNValidation::test_invalid_ssn_666_prefix PASSED [ 85%]
tests/unit/test_validation.py::TestSSNValidation::test_invalid_ssn_group_all_zeros PASSED [ 85%]
tests/unit/test_validation.py::TestSSNValidation::test_invalid_ssn_serial_all_zeros PASSED [ 85%]
tests/unit/test_validation.py::TestSSNValidation::test_invalid_ssn_too_short PASSED [ 85%]
tests/unit/test_validation.py::TestSSNValidation::test_invalid_ssn_too_long PASSED [ 85%]
tests/unit/test_validation.py::TestSSNValidation::test_invalid_ssn_contains_letters PASSED [ 85%]
tests/unit/test_validation.py::TestSSNValidation::test_invalid_ssn_empty_string PASSED [ 85%]
tests/unit/test_validation.py::TestEINValidation::test_valid_ein_with_hyphen PASSED [ 86%]
tests/unit/test_validation.py::TestEINValidation::test_valid_ein_without_hyphen PASSED [ 86%]
tests/unit/test_validation.py::TestEINValidation::test_invalid_ein_wrong_length PASSED [ 86%]
tests/unit/test_validation.py::TestEINValidation::test_invalid_ein_contains_letters PASSED [ 86%]
tests/unit/test_validation.py::TestEINValidation::test_invalid_ein_all_zeros PASSED [ 86%]
tests/unit/test_validation.py::TestDateValidation::test_valid_date_mm_dd_yyyy PASSED [ 86%]
tests/unit/test_validation.py::TestDateValidation::test_valid_date_various_formats PASSED [ 86%]
tests/unit/test_validation.py::TestDateValidation::test_invalid_date_wrong_format PASSED [ 87%]
tests/unit/test_validation.py::TestDateValidation::test_invalid_date_invalid_day PASSED [ 87%]
tests/unit/test_validation.py::TestDateValidation::test_invalid_date_invalid_month PASSED [ 87%]
tests/unit/test_validation.py::TestDateValidation::test_valid_date_leap_year PASSED [ 87%]
tests/unit/test_validation.py::TestDateValidation::test_invalid_date_non_leap_year PASSED [ 87%]
tests/unit/test_validation.py::TestDateValidation::test_valid_date_custom_format PASSED [ 87%]
tests/unit/test_validation.py::TestZIPCodeValidation::test_valid_zip_5_digits PASSED [ 87%]
tests/unit/test_validation.py::TestZIPCodeValidation::test_valid_zip_9_digits PASSED [ 87%]
tests/unit/test_validation.py::TestZIPCodeValidation::test_invalid_zip_too_short PASSED [ 88%]
tests/unit/test_validation.py::TestZIPCodeValidation::test_invalid_zip_too_long PASSED [ 88%]
tests/unit/test_validation.py::TestZIPCodeValidation::test_invalid_zip_wrong_format PASSED [ 88%]
tests/unit/test_validation.py::TestZIPCodeValidation::test_invalid_zip_contains_letters PASSED [ 88%]
tests/unit/test_validation.py::TestZIPCodeValidation::test_valid_zip_with_leading_zero PASSED [ 88%]
tests/unit/test_validation.py::TestPhoneValidation::test_valid_phone_with_hyphens PASSED [ 88%]
tests/unit/test_validation.py::TestPhoneValidation::test_valid_phone_with_parentheses PASSED [ 88%]
tests/unit/test_validation.py::TestPhoneValidation::test_valid_phone_with_spaces PASSED [ 88%]
tests/unit/test_validation.py::TestPhoneValidation::test_valid_phone_with_dots PASSED [ 89%]
tests/unit/test_validation.py::TestPhoneValidation::test_valid_phone_digits_only PASSED [ 89%]
tests/unit/test_validation.py::TestPhoneValidation::test_valid_phone_with_country_code PASSED [ 89%]
tests/unit/test_validation.py::TestPhoneValidation::test_invalid_phone_too_short PASSED [ 89%]
tests/unit/test_validation.py::TestPhoneValidation::test_invalid_phone_too_long PASSED [ 89%]
tests/unit/test_validation.py::TestPhoneValidation::test_invalid_phone_contains_letters PASSED [ 89%]
tests/unit/test_validation.py::TestEmailValidation::test_valid_email_simple PASSED [ 89%]
tests/unit/test_validation.py::TestEmailValidation::test_valid_email_with_subdomain PASSED [ 89%]
tests/unit/test_validation.py::TestEmailValidation::test_valid_email_with_plus PASSED [ 90%]
tests/unit/test_validation.py::TestEmailValidation::test_valid_email_with_dots PASSED [ 90%]
tests/unit/test_validation.py::TestEmailValidation::test_valid_email_with_numbers PASSED [ 90%]
tests/unit/test_validation.py::TestEmailValidation::test_invalid_email_no_at_sign PASSED [ 90%]
tests/unit/test_validation.py::TestEmailValidation::test_invalid_email_no_domain PASSED [ 90%]
tests/unit/test_validation.py::TestEmailValidation::test_invalid_email_no_local_part PASSED [ 90%]
tests/unit/test_validation.py::TestEmailValidation::test_invalid_email_no_tld PASSED [ 90%]
tests/unit/test_validation.py::TestEmailValidation::test_invalid_email_multiple_at_signs PASSED [ 90%]
tests/unit/test_validation.py::TestEmailValidation::test_invalid_email_spaces PASSED [ 91%]
tests/unit/test_validation.py::TestValidationEdgeCases::test_ssn_normalization_preserves_digits PASSED [ 91%]
tests/unit/test_validation.py::TestValidationEdgeCases::test_phone_removes_all_non_digits PASSED [ 91%]
tests/unit/test_validation.py::TestValidationEdgeCases::test_zip_code_preserves_format PASSED [ 91%]
tests/unit/test_validation.py::TestValidationEdgeCases::test_empty_string_validations PASSED [ 91%]
tests/unit/test_validation.py::TestValidationEdgeCases::test_none_value_handling PASSED [ 91%]
tests/unit/test_validation.py::TestValidationCurrencyEdgeCases::test_currency_with_dollar_sign PASSED [ 91%]
tests/unit/test_validation.py::TestValidationCurrencyEdgeCases::test_currency_with_commas PASSED [ 91%]
tests/unit/test_validation.py::TestValidationCurrencyEdgeCases::test_currency_with_spaces PASSED [ 92%]
tests/unit/test_validation.py::TestValidationCurrencyEdgeCases::test_currency_negative_amount PASSED [ 92%]
tests/unit/test_validation.py::TestValidationCurrencyEdgeCases::test_currency_zero_amount PASSED [ 92%]
tests/unit/test_validation.py::TestValidationCurrencyEdgeCases::test_currency_large_amount PASSED [ 92%]
tests/unit/test_validation.py::TestValidationCurrencyEdgeCases::test_currency_decimal_precision PASSED [ 92%]
tests/unit/test_validation.py::TestValidationCurrencyEdgeCases::test_currency_invalid_text PASSED [ 92%]
tests/unit/test_validation.py::TestValidationPhoneEdgeCases::test_phone_international_format PASSED [ 92%]
tests/unit/test_validation.py::TestValidationPhoneEdgeCases::test_phone_too_short_after_cleaning PASSED [ 92%]
tests/unit/test_validation.py::TestValidationPhoneEdgeCases::test_phone_all_zeros PASSED [ 93%]
tests/unit/test_validation.py::TestValidationEmailEdgeCases::test_email_with_multiple_dots PASSED [ 93%]
tests/unit/test_validation.py::TestValidationEmailEdgeCases::test_email_no_at_sign PASSED [ 93%]
tests/unit/test_validation.py::TestValidationEmailEdgeCases::test_email_no_domain PASSED [ 93%]
tests/unit/test_validation.py::TestValidationEmailEdgeCases::test_email_no_local_part PASSED [ 93%]
tests/unit/test_validation.py::TestValidationEmailEdgeCases::test_email_no_tld PASSED [ 93%]
tests/unit/test_validation.py::TestValidationEmailEdgeCases::test_email_with_spaces PASSED [ 93%]
tests/unit/test_validation.py::TestValidationDateEdgeCases::test_date_boundary_years PASSED [ 94%]
tests/unit/test_validation.py::TestValidationDateEdgeCases::test_date_month_boundaries PASSED [ 94%]
tests/unit/test_validation.py::TestValidationDateEdgeCases::test_date_february_edge_cases PASSED [ 94%]
tests/unit/test_validation.py::TestValidationZIPEdgeCases::test_zip_all_zeros PASSED [ 94%]
tests/unit/test_validation.py::TestValidationZIPEdgeCases::test_zip_all_nines PASSED [ 94%]
tests/unit/test_validation.py::TestValidationZIPEdgeCases::test_zip_plus4_all_zeros PASSED [ 94%]
tests/unit/test_validation.py::TestValidationZIPEdgeCases::test_zip_incomplete_plus4 PASSED [ 94%]
tests/unit/test_validation.py::TestValidationEINEdgeCases::test_ein_valid_prefixes PASSED [ 94%]
tests/unit/test_validation.py::TestValidationEINEdgeCases::test_ein_with_spaces PASSED [ 95%]
tests/unit/test_w2_calculator.py::TestW2CalculatorTotalWages::test_no_w2_forms PASSED [ 95%]
tests/unit/test_w2_calculator.py::TestW2CalculatorTotalWages::test_single_w2_form PASSED [ 95%]
tests/unit/test_w2_calculator.py::TestW2CalculatorTotalWages::test_multiple_w2_forms PASSED [ 95%]
tests/unit/test_w2_calculator.py::TestW2CalculatorTotalWages::test_missing_wages_field PASSED [ 95%]
tests/unit/test_w2_calculator.py::TestW2CalculatorTotalWages::test_zero_wages PASSED [ 95%]
tests/unit/test_w2_calculator.py::TestW2CalculatorTotalWages::test_decimal_wages PASSED [ 95%]
tests/unit/test_w2_calculator.py::TestW2CalculatorTotalWithholding::test_no_w2_forms PASSED [ 95%]
tests/unit/test_w2_calculator.py::TestW2CalculatorTotalWithholding::test_single_w2_withholding PASSED [ 96%]
tests/unit/test_w2_calculator.py::TestW2CalculatorTotalWithholding::test_multiple_w2_withholding PASSED [ 96%]
tests/unit/test_w2_calculator.py::TestW2CalculatorTotalWithholding::test_missing_withholding_field PASSED [ 96%]
tests/unit/test_w2_calculator.py::TestW2CalculatorTotalWithholding::test_zero_withholding PASSED [ 96%]
tests/unit/test_w2_calculator.py::TestW2CalculatorCombinedTotals::test_empty_list_totals PASSED [ 96%]
tests/unit/test_w2_calculator.py::TestW2CalculatorCombinedTotals::test_single_w2_totals PASSED [ 96%]
tests/unit/test_w2_calculator.py::TestW2CalculatorCombinedTotals::test_multiple_w2_totals PASSED [ 96%]
tests/unit/test_w2_calculator.py::TestW2CalculatorCombinedTotals::test_totals_efficiency PASSED [ 96%]
tests/unit/test_w2_calculator.py::TestW2CalculatorSocialSecurityWages::test_no_w2_forms_ss PASSED [ 97%]
tests/unit/test_w2_calculator.py::TestW2CalculatorSocialSecurityWages::test_single_w2_ss_wages PASSED [ 97%]
tests/unit/test_w2_calculator.py::TestW2CalculatorSocialSecurityWages::test_multiple_w2_ss_wages PASSED [ 97%]
tests/unit/test_w2_calculator.py::TestW2CalculatorSocialSecurityWages::test_missing_ss_wages_field PASSED [ 97%]
tests/unit/test_w2_calculator.py::TestW2CalculatorSocialSecurityWages::test_ss_wages_at_wage_base_limit PASSED [ 97%]
tests/unit/test_w2_calculator.py::TestW2CalculatorMedicareWages::test_no_w2_forms_medicare PASSED [ 97%]
tests/unit/test_w2_calculator.py::TestW2CalculatorMedicareWages::test_single_w2_medicare_wages PASSED [ 97%]
tests/unit/test_w2_calculator.py::TestW2CalculatorMedicareWages::test_multiple_w2_medicare_wages PASSED [ 97%]
tests/unit/test_w2_calculator.py::TestW2CalculatorMedicareWages::test_missing_medicare_wages_field PASSED [ 98%]
tests/unit/test_w2_calculator.py::TestW2CalculatorMedicareWages::test_medicare_wages_over_additional_threshold PASSED [ 98%]
tests/unit/test_w2_calculator.py::TestW2CalculatorEdgeCases::test_mixed_complete_and_incomplete_forms PASSED [ 98%]
tests/unit/test_w2_calculator.py::TestW2CalculatorEdgeCases::test_all_calculations_consistent PASSED [ 98%]
tests/unit/test_w2_calculator.py::TestW2CalculatorEdgeCases::test_very_small_amounts PASSED [ 98%]
tests/unit/test_w2_calculator.py::TestW2CalculatorEdgeCases::test_large_number_of_w2_forms PASSED [ 98%]
tests/unit/test_wash_sale_detection.py::TestWashSaleDetection::test_no_wash_sales_when_no_losses PASSED [ 98%]
tests/unit/test_wash_sale_detection.py::TestWashSaleDetection::test_wash_sale_detected_within_30_days PASSED [ 98%]
tests/unit/test_wash_sale_detection.py::TestWashSaleDetection::test_wash_sale_detected_purchase_before_sale PASSED [ 99%]
tests/unit/test_wash_sale_detection.py::TestWashSaleDetection::test_no_wash_sale_outside_30_days PASSED [ 99%]
tests/unit/test_wash_sale_detection.py::TestWashSaleDetection::test_no_wash_sale_different_securities PASSED [ 99%]
tests/unit/test_wash_sale_detection.py::TestWashSaleDetection::test_wash_sale_similar_security_names PASSED [ 99%]
tests/unit/test_wash_sale_detection.py::TestWashSaleDetection::test_multiple_wash_sales PASSED [ 99%]
tests/unit/test_wash_sale_detection.py::TestWashSaleDetection::test_wash_sale_with_invalid_dates PASSED [ 99%]
tests/unit/test_wash_sale_detection.py::TestWashSaleDetection::test_similar_securities_detection PASSED [ 99%]
tests/unit/test_wash_sale_detection.py::TestWashSaleDetection::test_date_parsing PASSED [100%]

=================================== ERRORS ====================================
_ ERROR at setup of TestDependentsPageIntegration.test_dependents_page_navigation _
tests\integration\test_dependents_page_integration.py:34: in setup_main_window
    window = MainWindow(root, config)
             ^^^^^^^^^^^^^^^^^^^^^^^^
gui\main_window.py:43: in __init__
    self.audit_service = AuditTrailService(self.config)
                         ^^^^^^^^^^^^^^^^^^^^^^^^^^^^^^
services\audit_trail_service.py:98: in __init__
    self.audit_dir = Path(self.config.data_dir) / "audit"
                          ^^^^^^^^^^^^^^^^^^^^
E   AttributeError: 'AppConfig' object has no attribute 'data_dir'. Did you mean: 'safe_dir'?
_ ERROR at setup of TestDependentsPageIntegration.test_dependents_validation_integration _
tests\integration\test_dependents_page_integration.py:34: in setup_main_window
    window = MainWindow(root, config)
             ^^^^^^^^^^^^^^^^^^^^^^^^
gui\main_window.py:43: in __init__
    self.audit_service = AuditTrailService(self.config)
                         ^^^^^^^^^^^^^^^^^^^^^^^^^^^^^^
services\audit_trail_service.py:98: in __init__
    self.audit_dir = Path(self.config.data_dir) / "audit"
                          ^^^^^^^^^^^^^^^^^^^^
E   AttributeError: 'AppConfig' object has no attribute 'data_dir'. Did you mean: 'safe_dir'?
_ ERROR at setup of TestDependentsPageIntegration.test_dependents_progress_calculation _
tests\integration\test_dependents_page_integration.py:34: in setup_main_window
    window = MainWindow(root, config)
             ^^^^^^^^^^^^^^^^^^^^^^^^
gui\main_window.py:43: in __init__
    self.audit_service = AuditTrailService(self.config)
                         ^^^^^^^^^^^^^^^^^^^^^^^^^^^^^^
services\audit_trail_service.py:98: in __init__
    self.audit_dir = Path(self.config.data_dir) / "audit"
                          ^^^^^^^^^^^^^^^^^^^^
E   AttributeError: 'AppConfig' object has no attribute 'data_dir'. Did you mean: 'safe_dir'?
_ ERROR at setup of TestDependentsPageIntegration.test_dependents_keyboard_shortcut _
tests\integration\test_dependents_page_integration.py:34: in setup_main_window
    window = MainWindow(root, config)
             ^^^^^^^^^^^^^^^^^^^^^^^^
gui\main_window.py:43: in __init__
    self.audit_service = AuditTrailService(self.config)
                         ^^^^^^^^^^^^^^^^^^^^^^^^^^^^^^
services\audit_trail_service.py:98: in __init__
    self.audit_dir = Path(self.config.data_dir) / "audit"
                          ^^^^^^^^^^^^^^^^^^^^
E   AttributeError: 'AppConfig' object has no attribute 'data_dir'. Did you mean: 'safe_dir'?
_ ERROR at setup of TestDependentsPageIntegration.test_dependents_in_navigation_buttons _
tests\integration\test_dependents_page_integration.py:34: in setup_main_window
    window = MainWindow(root, config)
             ^^^^^^^^^^^^^^^^^^^^^^^^
gui\main_window.py:43: in __init__
    self.audit_service = AuditTrailService(self.config)
                         ^^^^^^^^^^^^^^^^^^^^^^^^^^^^^^
services\audit_trail_service.py:98: in __init__
    self.audit_dir = Path(self.config.data_dir) / "audit"
                          ^^^^^^^^^^^^^^^^^^^^
E   AttributeError: 'AppConfig' object has no attribute 'data_dir'. Did you mean: 'safe_dir'?
_ ERROR at setup of TestDependentsPageIntegration.test_dependents_page_mapping _
tests\integration\test_dependents_page_integration.py:34: in setup_main_window
    window = MainWindow(root, config)
             ^^^^^^^^^^^^^^^^^^^^^^^^
gui\main_window.py:43: in __init__
    self.audit_service = AuditTrailService(self.config)
                         ^^^^^^^^^^^^^^^^^^^^^^^^^^^^^^
services\audit_trail_service.py:98: in __init__
    self.audit_dir = Path(self.config.data_dir) / "audit"
                          ^^^^^^^^^^^^^^^^^^^^
E   AttributeError: 'AppConfig' object has no attribute 'data_dir'. Did you mean: 'safe_dir'?
_ ERROR at setup of TestDependentsPageIntegration.test_dependents_validation_summary _
tests\integration\test_dependents_page_integration.py:34: in setup_main_window
    window = MainWindow(root, config)
             ^^^^^^^^^^^^^^^^^^^^^^^^
gui\main_window.py:43: in __init__
    self.audit_service = AuditTrailService(self.config)
                         ^^^^^^^^^^^^^^^^^^^^^^^^^^^^^^
services\audit_trail_service.py:98: in __init__
    self.audit_dir = Path(self.config.data_dir) / "audit"
                          ^^^^^^^^^^^^^^^^^^^^
E   AttributeError: 'AppConfig' object has no attribute 'data_dir'. Did you mean: 'safe_dir'?
_ ERROR at setup of TestDependentsPageIntegration.test_dependents_data_persistence _
tests\integration\test_dependents_page_integration.py:34: in setup_main_window
    window = MainWindow(root, config)
             ^^^^^^^^^^^^^^^^^^^^^^^^
gui\main_window.py:43: in __init__
    self.audit_service = AuditTrailService(self.config)
                         ^^^^^^^^^^^^^^^^^^^^^^^^^^^^^^
services\audit_trail_service.py:98: in __init__
    self.audit_dir = Path(self.config.data_dir) / "audit"
                          ^^^^^^^^^^^^^^^^^^^^
E   AttributeError: 'AppConfig' object has no attribute 'data_dir'. Did you mean: 'safe_dir'?
================================== FAILURES ===================================
__________ TestAuditTrailIntegration.test_audit_service_persistence ___________
tests\integration\test_audit_trail_integration.py:53: in test_audit_service_persistence
    assert len(new_service.audit_log) >= initial_count
E   AssertionError: assert 1 >= 3
E    +  where 1 = len([AuditEntry(id='audit_20251231_013322_131395', timestamp=datetime.datetime(2025, 12, 31, 1, 33, 22, 131401, tzinfo=datetime.timezone.utc), user_id='test_user', action='SESSION_START', entity_type='session', entity_id='session_20251231_013322_test_user', field_name=None, old_value=None, new_value=None, session_id='session_20251231_013322_test_user', ip_address=None, user_agent=None, metadata={'user_id': 'test_user'}, calculation_worksheet=None)])
E    +    where [AuditEntry(id='audit_20251231_013322_131395', timestamp=datetime.datetime(2025, 12, 31, 1, 33, 22, 131401, tzinfo=datetime.timezone.utc), user_id='test_user', action='SESSION_START', entity_type='session', entity_id='session_20251231_013322_test_user', field_name=None, old_value=None, new_value=None, session_id='session_20251231_013322_test_user', ip_address=None, user_agent=None, metadata={'user_id': 'test_user'}, calculation_worksheet=None)] = <services.audit_trail_service.AuditTrailService object at 0x000001BD0565DD10>.audit_log
___________ TestAuditTrailIntegration.test_audit_data_export_import ___________
tests\integration\test_audit_trail_integration.py:68: in test_audit_data_export_import
    export_path = audit_service.export_audit_report("json")
                  ^^^^^^^^^^^^^^^^^^^^^^^^^^^^^^^^^^^^^^^^^
services\audit_trail_service.py:333: in export_audit_report
    entries = self.get_audit_history(start_date=start_date, end_date=end_date, limit=10000)
              ^^^^^^^^^^^^^^^^^^^^^^^^^^^^^^^^^^^^^^^^^^^^^^^^^^^^^^^^^^^^^^^^^^^^^^^^^^^^^
services\audit_trail_service.py:289: in get_audit_history
    filtered_entries = [e for e in filtered_entries if e.timestamp >= start_date]
                                                       ^^^^^^^^^^^^^^^^^^^^^^^^^
E   TypeError: '>=' not supported between instances of 'datetime.datetime' and 'str'
_________ TestAuditTrailIntegration.test_audit_filtering_integration __________
tests\integration\test_audit_trail_integration.py:127: in test_audit_filtering_integration
    create_history = audit_service.get_audit_history(action="CREATE")
                     ^^^^^^^^^^^^^^^^^^^^^^^^^^^^^^^^^^^^^^^^^^^^^^^^
E   TypeError: AuditTrailService.get_audit_history() got an unexpected keyword argument 'action'
___________ TestAuditTrailIntegration.test_audit_window_integration ___________
tests\integration\test_audit_trail_integration.py:152: in test_audit_window_integration
    items = window.tree.get_children()
            ^^^^^^^^^^^
E   AttributeError: 'AuditTrailWindow' object has no attribute 'tree'
____________ TestAuditTrailIntegration.test_event_bus_integration _____________
tests\integration\test_audit_trail_integration.py:208: in test_event_bus_integration
    assert len(service.audit_log) == 3
E   AssertionError: assert 2 == 3
E    +  where 2 = len([AuditEntry(id='audit_20251231_013322_389143', timestamp=datetime.datetime(2025, 12, 31, 1, 33, 22, 389149, tzinfo=datetime.timezone.utc), user_id='test_user', action='SESSION_START', entity_type='session', entity_id='session_20251231_013322_test_user', field_name=None, old_value=None, new_value=None, session_id='session_20251231_013322_test_user', ip_address=None, user_agent=None, metadata={'user_id': 'test_user'}, calculation_worksheet=None), AuditEntry(id='audit_20251231_013322_389184', timestamp=datetime.datetime(2025, 12, 31, 1, 33, 22, 389191, tzinfo=datetime.timezone.utc), user_id='test_user', action='UPDATE', entity_type='income', entity_id='w2_1', field_name='wages', old_value=50000, new_value=55000, session_id='session_20251231_013322_test_user', ip_address=None, user_agent=None, metadata={}, calculation_worksheet=None)])
E    +    where [AuditEntry(id='audit_20251231_013322_389143', timestamp=datetime.datetime(2025, 12, 31, 1, 33, 22, 389149, tzinfo=datetime.timezone.utc), user_id='test_user', action='SESSION_START', entity_type='session', entity_id='session_20251231_013322_test_user', field_name=None, old_value=None, new_value=None, session_id='session_20251231_013322_test_user', ip_address=None, user_agent=None, metadata={'user_id': 'test_user'}, calculation_worksheet=None), AuditEntry(id='audit_20251231_013322_389184', timestamp=datetime.datetime(2025, 12, 31, 1, 33, 22, 389191, tzinfo=datetime.timezone.utc), user_id='test_user', action='UPDATE', entity_type='income', entity_id='w2_1', field_name='wages', old_value=50000, new_value=55000, session_id='session_20251231_013322_test_user', ip_address=None, user_agent=None, metadata={}, calculation_worksheet=None)] = <services.audit_trail_service.AuditTrailService object at 0x000001BD05728270>.audit_log
________ TestAuditTrailIntegration.test_main_window_audit_integration _________
C:\Users\Colin\AppData\Local\Programs\Python\Python313\Lib\unittest\mock.py:990: in assert_called_once_with
    raise AssertionError(msg)
E   AssertionError: Expected 'AuditTrailWindow' to be called once. Called 0 times.

During handling of the above exception, another exception occurred:
tests\integration\test_audit_trail_integration.py:236: in test_main_window_audit_integration
    mock_window.assert_called_once_with(root, main_window.audit_service)
E   AssertionError: Expected 'AuditTrailWindow' to be called once. Called 0 times.
_____________ TestAuditTrailIntegration.test_audit_export_formats _____________
tests\integration\test_audit_trail_integration.py:275: in test_audit_export_formats
    json_path = audit_service.export_audit_report("json")
                ^^^^^^^^^^^^^^^^^^^^^^^^^^^^^^^^^^^^^^^^^
services\audit_trail_service.py:333: in export_audit_report
    entries = self.get_audit_history(start_date=start_date, end_date=end_date, limit=10000)
              ^^^^^^^^^^^^^^^^^^^^^^^^^^^^^^^^^^^^^^^^^^^^^^^^^^^^^^^^^^^^^^^^^^^^^^^^^^^^^
services\audit_trail_service.py:289: in get_audit_history
    filtered_entries = [e for e in filtered_entries if e.timestamp >= start_date]
                                                       ^^^^^^^^^^^^^^^^^^^^^^^^^
E   TypeError: '>=' not supported between instances of 'datetime.datetime' and 'str'
_______ TestAuditTrailIntegration.test_audit_performance_large_dataset ________
tests\integration\test_audit_trail_integration.py:314: in test_audit_performance_large_dataset
    filtered = audit_service.get_audit_history(action="CREATE")
               ^^^^^^^^^^^^^^^^^^^^^^^^^^^^^^^^^^^^^^^^^^^^^^^^
E   TypeError: AuditTrailService.get_audit_history() got an unexpected keyword argument 'action'
____________ TestAuditTrailIntegration.test_audit_data_validation _____________
tests\integration\test_audit_trail_integration.py:343: in test_audit_data_validation
    export_path = audit_service.export_audit_report("json")
                  ^^^^^^^^^^^^^^^^^^^^^^^^^^^^^^^^^^^^^^^^^
services\audit_trail_service.py:333: in export_audit_report
    entries = self.get_audit_history(start_date=start_date, end_date=end_date, limit=10000)
              ^^^^^^^^^^^^^^^^^^^^^^^^^^^^^^^^^^^^^^^^^^^^^^^^^^^^^^^^^^^^^^^^^^^^^^^^^^^^^
services\audit_trail_service.py:289: in get_audit_history
    filtered_entries = [e for e in filtered_entries if e.timestamp >= start_date]
                                                       ^^^^^^^^^^^^^^^^^^^^^^^^^
E   TypeError: '>=' not supported between instances of 'datetime.datetime' and 'str'
____ TestDependentsWorkflowIntegration.test_multiple_dependents_validation ____
tests\integration\test_dependents_page_integration.py:308: in test_multiple_dependents_validation
    window = MainWindow(root, config)
             ^^^^^^^^^^^^^^^^^^^^^^^^
gui\main_window.py:43: in __init__
    self.audit_service = AuditTrailService(self.config)
                         ^^^^^^^^^^^^^^^^^^^^^^^^^^^^^^
services\audit_trail_service.py:98: in __init__
    self.audit_dir = Path(self.config.data_dir) / "audit"
                          ^^^^^^^^^^^^^^^^^^^^
E   AttributeError: 'AppConfig' object has no attribute 'data_dir'. Did you mean: 'safe_dir'?
___________________ TestAuditTrailWindow.test_apply_filters ___________________
tests\unit\test_audit_trail_window.py:159: in test_apply_filters
    audit_window.entity_var.set("personal_info")
    ^^^^^^^^^^^^^^^^^^^^^^^
E   AttributeError: 'AuditTrailWindow' object has no attribute 'entity_var'
____________________ TestAuditTrailWindow.test_date_filter ____________________
tests\unit\test_audit_trail_window.py:176: in test_date_filter
    audit_window.date_from_var.set(from_date.strftime("%Y-%m-%d"))
    ^^^^^^^^^^^^^^^^^^^^^^^^^^
E   AttributeError: 'AuditTrailWindow' object has no attribute 'date_from_var'
_________________ TestAuditTrailWindow.test_on_entry_selected _________________
tests\unit\test_audit_trail_window.py:191: in test_on_entry_selected
    items = audit_window.tree.get_children()
            ^^^^^^^^^^^^^^^^^
E   AttributeError: 'AuditTrailWindow' object has no attribute 'tree'
_____________ TestAuditTrailWindow.test_calculation_history_view ______________
tests\unit\test_audit_trail_window.py:206: in test_calculation_history_view
    audit_window._view_calculation_history()
    ^^^^^^^^^^^^^^^^^^^^^^^^^^^^^^^^^^^^^^
E   AttributeError: 'AuditTrailWindow' object has no attribute '_view_calculation_history'
________________ TestAuditTrailWindow.test_export_audit_report ________________
tests\unit\test_audit_trail_window.py:216: in test_export_audit_report
    audit_window._export_audit_report()
    ^^^^^^^^^^^^^^^^^^^^^^^^^^^^^^^^^
E   AttributeError: 'AuditTrailWindow' object has no attribute '_export_audit_report'
_____________ TestAuditTrailWindow.test_export_calculation_report _____________
tests\unit\test_audit_trail_window.py:226: in test_export_calculation_report
    audit_window._export_calculation_report()
    ^^^^^^^^^^^^^^^^^^^^^^^^^^^^^^^^^^^^^^^
E   AttributeError: 'AuditTrailWindow' object has no attribute '_export_calculation_report'
___________________ TestAuditTrailWindow.test_refresh_data ____________________
tests\unit\test_audit_trail_window.py:239: in test_refresh_data
    audit_window._refresh_data()
    ^^^^^^^^^^^^^^^^^^^^^^^^^^
E   AttributeError: 'AuditTrailWindow' object has no attribute '_refresh_data'
___________________ TestAuditTrailWindow.test_clear_filters ___________________
tests\unit\test_audit_trail_window.py:253: in test_clear_filters
    audit_window.entity_var.set("personal_info")
    ^^^^^^^^^^^^^^^^^^^^^^^
E   AttributeError: 'AuditTrailWindow' object has no attribute 'entity_var'
_______________ TestAuditTrailWindow.test_format_value_display ________________
tests\unit\test_audit_trail_window.py:268: in test_format_value_display
    assert audit_window._format_value("John") == "John"
           ^^^^^^^^^^^^^^^^^^^^^^^^^^
E   AttributeError: 'AuditTrailWindow' object has no attribute '_format_value'
_________________ TestAuditTrailWindow.test_format_timestamp __________________
tests\unit\test_audit_trail_window.py:284: in test_format_timestamp
    formatted = audit_window._format_timestamp(timestamp)
                ^^^^^^^^^^^^^^^^^^^^^^^^^^^^^^
E   AttributeError: 'AuditTrailWindow' object has no attribute '_format_timestamp'
__________________ TestAuditTrailWindow.test_window_geometry __________________
tests\unit\test_audit_trail_window.py:292: in test_window_geometry
    assert audit_window.resizable()
           ^^^^^^^^^^^^^^^^^^^^^^
E   AttributeError: 'AuditTrailWindow' object has no attribute 'resizable'
____________________ TestAuditTrailWindow.test_show_about _____________________
tests\unit\test_audit_trail_window.py:302: in test_show_about
    audit_window._show_about()
    ^^^^^^^^^^^^^^^^^^^^^^^^
E   AttributeError: 'AuditTrailWindow' object has no attribute '_show_about'
___________________ TestAuditTrailWindow.test_context_menu ____________________
tests\unit\test_audit_trail_window.py:312: in test_context_menu
    assert hasattr(audit_window, 'context_menu')
E   AssertionError: assert False
E    +  where False = hasattr(<gui.audit_trail_window.AuditTrailWindow object at 0x000001BD09BB1950>, 'context_menu')
________________ TestAuditTrailWindow.test_keyboard_shortcuts _________________
tests\unit\test_audit_trail_window.py:328: in test_keyboard_shortcuts
    with patch.object(audit_window, '_refresh_data') as mock_refresh:
         ^^^^^^^^^^^^^^^^^^^^^^^^^^^^^^^^^^^^^^^^^^^
C:\Users\Colin\AppData\Local\Programs\Python\Python313\Lib\unittest\mock.py:1497: in __enter__
    original, local = self.get_original()
                      ^^^^^^^^^^^^^^^^^^^
C:\Users\Colin\AppData\Local\Programs\Python\Python313\Lib\unittest\mock.py:1467: in get_original
    raise AttributeError(
E   AttributeError: <gui.audit_trail_window.AuditTrailWindow object at 0x000001BD09BB1450> does not have the attribute '_refresh_data'
___________________ TestAuditTrailWindow.test_tree_sorting ____________________
tests\unit\test_audit_trail_window.py:343: in test_tree_sorting
    audit_window.tree.heading('timestamp', command=lambda: audit_window._sort_column('timestamp'))
    ^^^^^^^^^^^^^^^^^
E   AttributeError: 'AuditTrailWindow' object has no attribute 'tree'
______________ TestAuditTrailWindow.test_detail_text_formatting _______________
tests\unit\test_audit_trail_window.py:350: in test_detail_text_formatting
    entry = AuditEntry(
E   TypeError: AuditEntry.__init__() missing 3 required positional arguments: 'ip_address', 'user_agent', and 'calculation_worksheet'
_____________ TestDependentsPageIntegration.test_age_calculation ______________
tests\unit\test_dependents_page.py:401: in test_age_calculation
    assert age == expected_age, f"Expected age {expected_age} for birth date {birth_date}, got {age}"
E   AssertionError: Expected age 0 for birth date 12/31/2024, got 1
E   assert 1 == 0

------------------------------------------------------------------------------------------------------------------------- benchmark: 8 tests ------------------------------------------------------------------------------------------------------------------------
Name (time in ns)                                        Min                        Max                       Mean                    StdDev                     Median                       IQR              Outliers             OPS            Rounds  Iterations
---------------------------------------------------------------------------------------------------------------------------------------------------------------------------------------------------------------------------------------------------------------------
test_benchmark_tax_data_to_dict                     148.3873 (1.0)           1,558.0642 (1.0)             159.8781 (1.0)             17.7465 (1.0)             158.0648 (1.0)              3.2258 (443.35)    6542;9409  6,254,766.4787 (1.0)      196079          31
test_benchmark_tax_data_get_operations            1,099.9938 (7.41)         56,099.9979 (36.01)         1,181.6740 (7.39)           226.2790 (12.75)         1,150.0015 (7.28)             0.0073 (1.0)      9694;72586    846,257.0919 (0.14)     200000           4
test_benchmark_tax_with_credits                   6,699.9928 (45.15)       379,299.9778 (243.44)        7,329.8002 (45.85)        2,331.4661 (131.38)        6,999.9951 (44.29)          100.0299 (>1000.0)   3155;6696    136,429.3672 (0.02)      60607           1
test_benchmark_taxable_income_calculation        10,299.9911 (69.41)       101,599.9878 (65.21)        11,182.7319 (69.95)        2,709.2312 (152.66)       10,599.9934 (67.06)          199.9724 (>1000.0)   1893;4951     89,423.5870 (0.01)      44643           1
test_benchmark_complete_tax_calculation          10,499.9926 (70.76)       106,199.9938 (68.16)        11,105.5609 (69.46)        2,024.3312 (114.07)       10,799.9949 (68.33)          199.9724 (>1000.0)    852;1954     90,044.9792 (0.01)      22676           1
test_benchmark_form_filler_init                  42,100.0004 (283.72)      112,900.0157 (72.46)        45,261.5828 (283.10)       5,505.5926 (310.24)       43,800.0134 (277.10)         999.9785 (>1000.0)    965;1741     22,093.7921 (0.00)      13369           1
test_benchmark_tax_data_creation                239,499.9901 (>1000.0)     512,099.9995 (328.68)      252,231.4259 (>1000.0)     23,299.5479 (>1000.0)     244,800.0014 (>1000.0)      6,900.0234 (>1000.0)     207;375      3,964.6130 (0.00)       2988           1
test_benchmark_tax_data_set_operations        3,655,100.0085 (>1000.0)  30,355,700.0007 (>1000.0)  15,748,803.2231 (>1000.0)  8,670,118.8342 (>1000.0)  17,537,700.0123 (>1000.0)  8,741,875.0118 (>1000.0)        13;0         63.4969 (0.00)         31           1
---------------------------------------------------------------------------------------------------------------------------------------------------------------------------------------------------------------------------------------------------------------------

Legend:
  Outliers: 1 Standard Deviation from Mean; 1.5 IQR (InterQuartile Range) from 1st Quartile and 3rd Quartile.
  OPS: Operations Per Second, computed as 1 / Mean
=========================== short test summary info ===========================
FAILED tests/integration/test_audit_trail_integration.py::TestAuditTrailIntegration::test_audit_service_persistence
FAILED tests/integration/test_audit_trail_integration.py::TestAuditTrailIntegration::test_audit_data_export_import
FAILED tests/integration/test_audit_trail_integration.py::TestAuditTrailIntegration::test_audit_filtering_integration
FAILED tests/integration/test_audit_trail_integration.py::TestAuditTrailIntegration::test_audit_window_integration
FAILED tests/integration/test_audit_trail_integration.py::TestAuditTrailIntegration::test_event_bus_integration
FAILED tests/integration/test_audit_trail_integration.py::TestAuditTrailIntegration::test_main_window_audit_integration
FAILED tests/integration/test_audit_trail_integration.py::TestAuditTrailIntegration::test_audit_export_formats
FAILED tests/integration/test_audit_trail_integration.py::TestAuditTrailIntegration::test_audit_performance_large_dataset
FAILED tests/integration/test_audit_trail_integration.py::TestAuditTrailIntegration::test_audit_data_validation
FAILED tests/integration/test_dependents_page_integration.py::TestDependentsWorkflowIntegration::test_multiple_dependents_validation
FAILED tests/unit/test_audit_trail_window.py::TestAuditTrailWindow::test_apply_filters
FAILED tests/unit/test_audit_trail_window.py::TestAuditTrailWindow::test_date_filter
FAILED tests/unit/test_audit_trail_window.py::TestAuditTrailWindow::test_on_entry_selected
FAILED tests/unit/test_audit_trail_window.py::TestAuditTrailWindow::test_calculation_history_view
FAILED tests/unit/test_audit_trail_window.py::TestAuditTrailWindow::test_export_audit_report
FAILED tests/unit/test_audit_trail_window.py::TestAuditTrailWindow::test_export_calculation_report
FAILED tests/unit/test_audit_trail_window.py::TestAuditTrailWindow::test_refresh_data
FAILED tests/unit/test_audit_trail_window.py::TestAuditTrailWindow::test_clear_filters
FAILED tests/unit/test_audit_trail_window.py::TestAuditTrailWindow::test_format_value_display
FAILED tests/unit/test_audit_trail_window.py::TestAuditTrailWindow::test_format_timestamp
FAILED tests/unit/test_audit_trail_window.py::TestAuditTrailWindow::test_window_geometry
FAILED tests/unit/test_audit_trail_window.py::TestAuditTrailWindow::test_show_about
FAILED tests/unit/test_audit_trail_window.py::TestAuditTrailWindow::test_context_menu
FAILED tests/unit/test_audit_trail_window.py::TestAuditTrailWindow::test_keyboard_shortcuts
FAILED tests/unit/test_audit_trail_window.py::TestAuditTrailWindow::test_tree_sorting
FAILED tests/unit/test_audit_trail_window.py::TestAuditTrailWindow::test_detail_text_formatting
FAILED tests/unit/test_dependents_page.py::TestDependentsPageIntegration::test_age_calculation
ERROR tests/integration/test_dependents_page_integration.py::TestDependentsPageIntegration::test_dependents_page_navigation
ERROR tests/integration/test_dependents_page_integration.py::TestDependentsPageIntegration::test_dependents_validation_integration
ERROR tests/integration/test_dependents_page_integration.py::TestDependentsPageIntegration::test_dependents_progress_calculation
ERROR tests/integration/test_dependents_page_integration.py::TestDependentsPageIntegration::test_dependents_keyboard_shortcut
ERROR tests/integration/test_dependents_page_integration.py::TestDependentsPageIntegration::test_dependents_in_navigation_buttons
ERROR tests/integration/test_dependents_page_integration.py::TestDependentsPageIntegration::test_dependents_page_mapping
ERROR tests/integration/test_dependents_page_integration.py::TestDependentsPageIntegration::test_dependents_validation_summary
ERROR tests/integration/test_dependents_page_integration.py::TestDependentsPageIntegration::test_dependents_data_persistence
============ 27 failed, 750 passed, 5 warnings, 8 errors in 21.77s ============
